../Core/Inc/micros.h:45:22:delay_us	0	static
../Core/Src/ADNS9800.c:19:20:_enable_slave	0	static
../Core/Src/ADNS9800.c:23:20:_disable_slave	0	static
../Core/Src/ADNS9800.c:45:13:_write_register	16	static
../Core/Src/ADNS9800.c:27:16:_read_register	24	static
../Core/Src/ADNS9800.c:129:6:adnsInit	80	static
../Core/Src/ADNS9800.c:163:6:adnsUpdate	24	static
../Core/Src/ADNS9800.c:179:6:adnsSetCoef	0	static
../Core/Src/ADNS9800.c:187:6:adnsSetDebugReports	8	static
../Core/Src/ADNS9800.c:183:6:adnsEnableDebugReports	0	static
../Core/Src/ADNS9800.c:192:8:adnsX	0	static
../Core/Src/ADNS9800.c:196:8:adnsY	0	static
