../Core/Src/SH2_Src/sh2.c:332:12:opStart	24	static
../Core/Src/SH2_Src/sh2.c:350:13:opRx	24	static
../Core/Src/SH2_Src/sh2.c:358:13:sensorhubAdvertHdlr	40	static
../Core/Src/SH2_Src/sh2.c:398:13:sensorhubControlHdlr	56	static
../Core/Src/SH2_Src/sh2.c:467:12:opCompleted	16	static
../Core/Src/SH2_Src/sh2.c:478:12:opProcess	32	static
../Core/Src/SH2_Src/sh2.c:512:16:getReportLen	24	static
../Core/Src/SH2_Src/sh2.c:524:17:touSTimestamp	56	static
../Core/Src/SH2_Src/sh2.c:542:13:sensorhubInputHdlr	88	static
../Core/Src/SH2_Src/sh2.c:594:13:sensorhubInputNormalHdlr	32	static
../Core/Src/SH2_Src/sh2.c:601:13:sensorhubInputWakeHdlr	32	static
../Core/Src/SH2_Src/sh2.c:608:13:sensorhubInputGyroRvHdlr	80	static
../Core/Src/SH2_Src/sh2.c:631:13:executableAdvertHdlr	24	static
../Core/Src/SH2_Src/sh2.c:636:13:executableDeviceHdlr	32	static
../Core/Src/SH2_Src/sh2.c:664:12:sendExecutable	16	static
../Core/Src/SH2_Src/sh2.c:669:12:sendCtrl	24	static
../Core/Src/SH2_Src/sh2.c:674:16:toQ14	24	static
../Core/Src/SH2_Src/sh2.c:685:12:getProdIdStart	24	static
../Core/Src/SH2_Src/sh2.c:703:13:getProdIdRx	40	static
../Core/Src/SH2_Src/sh2.c:756:12:getSensorConfigStart	24	static
../Core/Src/SH2_Src/sh2.c:770:13:getSensorConfigRx	32	static
../Core/Src/SH2_Src/sh2.c:817:12:setSensorConfigStart	48	static
../Core/Src/SH2_Src/sh2.c:932:12:getFrsStart	32	static
../Core/Src/SH2_Src/sh2.c:952:13:getFrsRx	32	static
../Core/Src/SH2_Src/sh2.c:1061:13:stuffMetadata	24	static
../Core/Src/SH2_Src/sh2.c:1130:12:setFrsStart	32	static
../Core/Src/SH2_Src/sh2.c:1149:13:setFrsRx	56	static
../Core/Src/SH2_Src/sh2.c:1225:12:sendCmd	48	static
../Core/Src/SH2_Src/sh2.c:1251:12:sendCmd0	32	static
../Core/Src/SH2_Src/sh2.c:1261:12:sendCmd1	32	static
../Core/Src/SH2_Src/sh2.c:1272:12:sendCmd2	32	static
../Core/Src/SH2_Src/sh2.c:1283:13:wrongResponse	16	static
../Core/Src/SH2_Src/sh2.c:1295:12:getErrorsStart	16	static
../Core/Src/SH2_Src/sh2.c:1303:13:getErrorsRx	32	static
../Core/Src/SH2_Src/sh2.c:1341:12:getCountsStart	16	static
../Core/Src/SH2_Src/sh2.c:1346:13:getCountsRx	40	static
../Core/Src/SH2_Src/sh2.c:1378:12:sendCmdStart	24	static
../Core/Src/SH2_Src/sh2.c:1395:12:reinitStart	24	static
../Core/Src/SH2_Src/sh2.c:1402:13:reinitRx	32	static
../Core/Src/SH2_Src/sh2.c:1426:12:saveDcdNowStart	24	static
../Core/Src/SH2_Src/sh2.c:1433:13:saveDcdNowRx	32	static
../Core/Src/SH2_Src/sh2.c:1457:12:getOscTypeStart	16	static
../Core/Src/SH2_Src/sh2.c:1462:13:getOscTypeRx	32	static
../Core/Src/SH2_Src/sh2.c:1486:12:setCalConfigStart	32	static
../Core/Src/SH2_Src/sh2.c:1502:13:setCalConfigRx	32	static
../Core/Src/SH2_Src/sh2.c:1527:12:getCalConfigStart	32	static
../Core/Src/SH2_Src/sh2.c:1540:13:getCalConfigRx	40	static
../Core/Src/SH2_Src/sh2.c:1575:12:forceFlushStart	24	static
../Core/Src/SH2_Src/sh2.c:1586:13:forceFlushRx	32	static
../Core/Src/SH2_Src/sh2.c:1606:12:startCalStart	32	static
../Core/Src/SH2_Src/sh2.c:1623:13:startCalRx	32	static
../Core/Src/SH2_Src/sh2.c:1642:12:finishCalStart	16	static
../Core/Src/SH2_Src/sh2.c:1647:13:finishCalRx	32	static
../Core/Src/SH2_Src/sh2.c:1674:13:shtpEventCallback	24	static
../Core/Src/SH2_Src/sh2.c:1702:5:sh2_open	48	static
../Core/Src/SH2_Src/sh2.c:1766:6:sh2_close	16	static
../Core/Src/SH2_Src/sh2.c:1781:6:sh2_service	16	static
../Core/Src/SH2_Src/sh2.c:1795:5:sh2_setSensorCallback	24	static
../Core/Src/SH2_Src/sh2.c:1810:5:sh2_devReset	16	static
../Core/Src/SH2_Src/sh2.c:1822:5:sh2_devOn	16	static
../Core/Src/SH2_Src/sh2.c:1834:5:sh2_devSleep	16	static
../Core/Src/SH2_Src/sh2.c:1847:5:sh2_getProdIds	24	static
../Core/Src/SH2_Src/sh2.c:1866:5:sh2_getSensorConfig	24	static
../Core/Src/SH2_Src/sh2.c:1887:5:sh2_setSensorConfig	24	static
../Core/Src/SH2_Src/sh2.c:1908:5:sh2_getMetadata	32	static
../Core/Src/SH2_Src/sh2.c:1957:5:sh2_getFrs	32	static
../Core/Src/SH2_Src/sh2.c:1984:5:sh2_setFrs	24	static
../Core/Src/SH2_Src/sh2.c:2010:5:sh2_getErrors	32	static
../Core/Src/SH2_Src/sh2.c:2031:5:sh2_getCounts	24	static
../Core/Src/SH2_Src/sh2.c:2050:5:sh2_clearCounts	24	static
../Core/Src/SH2_Src/sh2.c:2072:5:sh2_setTareNow	24	static
../Core/Src/SH2_Src/sh2.c:2094:5:sh2_clearTare	16	static
../Core/Src/SH2_Src/sh2.c:2113:5:sh2_persistTare	16	static
../Core/Src/SH2_Src/sh2.c:2133:5:sh2_setReorientation	32	static
../Core/Src/SH2_Src/sh2.c:2161:5:sh2_reinitialize	16	static
../Core/Src/SH2_Src/sh2.c:2173:5:sh2_saveDcdNow	16	static
../Core/Src/SH2_Src/sh2.c:2186:5:sh2_getOscType	24	static
../Core/Src/SH2_Src/sh2.c:2201:5:sh2_setCalConfig	24	static
../Core/Src/SH2_Src/sh2.c:2216:5:sh2_getCalConfig	24	static
../Core/Src/SH2_Src/sh2.c:2231:5:sh2_setDcdAutoSave	24	static
../Core/Src/SH2_Src/sh2.c:2250:5:sh2_flush	24	static
../Core/Src/SH2_Src/sh2.c:2267:5:sh2_clearDcdAndReset	16	static
../Core/Src/SH2_Src/sh2.c:2285:5:sh2_startCal	24	static
../Core/Src/SH2_Src/sh2.c:2303:5:sh2_finishCal	24	static
../Core/Src/SH2_Src/sh2.c:2319:5:sh2_setIZro	24	static
