../Core/Inc/micros.h:45:22:delay_us	24	static
../Core/Src/ADNS9800.c:22:6:_adnsComBegin	8	static
../Core/Src/ADNS9800.c:26:6:_adnsComEnd	8	static
../Core/Src/ADNS9800.c:30:9:_adnsReadReg	24	static
../Core/Src/ADNS9800.c:50:6:_adnsWriteReg	24	static
../Core/Src/ADNS9800.c:65:6:_adnsUploadFirmware	16	static
../Core/Src/ADNS9800.c:102:6:_adnsPerformStartup	16	static
../Core/Src/ADNS9800.c:129:6:_adnsUpdatePointer	16	static
../Core/Src/ADNS9800.c:136:6:_adnsDispRegisters	72	static
../Core/Src/ADNS9800.c:161:6:_adnsConvTwosComp	16	static
../Core/Src/ADNS9800.c:171:6:adnsInit	16	static
../Core/Src/ADNS9800.c:184:6:adnsUpdate	8	static
../Core/Src/ADNS9800.c:196:6:adnsReset	4	static
../Core/Src/ADNS9800.c:201:6:adnsSetCoef	16	static
../Core/Src/ADNS9800.c:205:6:adnsEnableDebugReports	16	static
../Core/Src/ADNS9800.c:210:7:adnsX	4	static
../Core/Src/ADNS9800.c:214:7:adnsY	4	static
