../Core/Inc/micros.h:45:22:delay_us	24	static
../Core/Src/ADNS9800.c:20:20:_enable_slave	8	static
../Core/Src/ADNS9800.c:24:20:_disable_slave	8	static
../Core/Src/ADNS9800.c:28:16:_read_register	24	static
../Core/Src/ADNS9800.c:46:13:_write_register	16	static
../Core/Src/ADNS9800.c:59:13:_upload_firmware	16	static
../Core/Src/ADNS9800.c:90:13:_display_registers	72	static
../Core/Src/ADNS9800.c:114:13:_convert_from_comp	16	static
../Core/Src/ADNS9800.c:122:13:_update_pointer	16	static
../Core/Src/ADNS9800.c:131:6:adnsInit	16	static
../Core/Src/ADNS9800.c:167:6:adnsUpdate	8	static
../Core/Src/ADNS9800.c:183:6:adnsSetCoef	16	static
../Core/Src/ADNS9800.c:187:6:adnsEnableDebugReports	8	static
../Core/Src/ADNS9800.c:191:6:adnsSetDebugReports	16	static
../Core/Src/ADNS9800.c:196:7:adnsX	4	static
../Core/Src/ADNS9800.c:200:7:adnsY	4	static
../Core/Src/ADNS9800.c:204:7:adns_raw_x	4	static
../Core/Src/ADNS9800.c:208:7:adns_raw_y	4	static
