../Core/Src/BNO08x.c:33:20:_select	8	static
../Core/Src/BNO08x.c:37:20:_deselect	8	static
../Core/Src/BNO08x.c:41:20:_sensorReady	8	static
../Core/Src/BNO08x.c:45:18:_waitForSensRdy	24	static
../Core/Src/BNO08x.c:55:10:_getTimeUs	16	static
../Core/Src/BNO08x.c:59:12:_write	24	static
../Core/Src/BNO08x.c:71:12:_read	32	static
../Core/Src/BNO08x.c:98:12:_open	24	static
../Core/Src/BNO08x.c:112:13:_close	16	static
../Core/Src/BNO08x.c:118:13:_eventCallback	16	static
../Core/Src/BNO08x.c:127:13:_sensorHandler	24	static
../Core/Src/BNO08x.c:140:11:bnoInit	24	static
../Core/Src/BNO08x.c:171:6:bnoWasReset	16	static
../Core/Src/BNO08x.c:177:6:bnoEnableReportInterval	24	static
../Core/Src/BNO08x.c:199:6:bnoEnableReport	16	static
../Core/Src/BNO08x.c:203:6:bnoGetSensorEvent	16	static
