../Core/Src/BNO08x.c:43:20:_select	8	static
../Core/Src/BNO08x.c:46:20:_deselect	8	static
../Core/Src/BNO08x.c:51:20:_sensorReady	8	static
../Core/Src/BNO08x.c:54:18:_waitForSensRdy	24	static
../Core/Src/BNO08x.c:74:13:_reset	8	static
../Core/Src/BNO08x.c:77:13:_release	8	static
../Core/Src/BNO08x.c:83:10:_getTimeUs	16	static
../Core/Src/BNO08x.c:87:12:_write	24	static
../Core/Src/BNO08x.c:101:12:_read	32	static
../Core/Src/BNO08x.c:138:12:_open	24	static
../Core/Src/BNO08x.c:150:13:_close	16	static
../Core/Src/BNO08x.c:156:13:_eventCallback	16	static
../Core/Src/BNO08x.c:185:13:_reportHandler	16	static
../Core/Src/BNO08x.c:195:11:bnoInit	24	static
../Core/Src/BNO08x.c:231:6:bnoProcess	16	static
../Core/Src/BNO08x.c:246:6:bnoGetData	4	static
../Core/Src/BNO08x.c:252:9:bnoWasReset	16	static
../Core/Src/BNO08x.c:258:19:bnoGetProdIds	4	static
../Core/Src/BNO08x.c:272:6:bnoEnableReportInterval	16	static
../Core/Src/BNO08x.c:291:6:bnoEnableReport	16	static
