../Core/Src/BNO085.c:60:6:print_header	16	static
../Core/Src/BNO085.c:72:6:print_packet	16	static
../Core/Src/BNO085.c:113:20:_enable_slave	8	static
../Core/Src/BNO085.c:116:20:_disable_slave	8	static
../Core/Src/BNO085.c:119:20:_reset_slave_blocking	8	static
../Core/Src/BNO085.c:127:20:_sensor_awaiting	8	static
../Core/Src/BNO085.c:134:13:_wait_for_int_blocking_timeout	24	static
../Core/Src/BNO085.c:142:13:_wait_for_int_blocking	8	static
../Core/Src/BNO085.c:150:6:_receive_packet	16	static
../Core/Src/BNO085.c:210:13:_send_packet	24	static
../Core/Src/BNO085.c:237:13:_set_feature_command	24	static
../Core/Src/BNO085.c:263:14:_quaternion_to_float	32	static
../Core/Src/BNO085.c:285:17:_parse_input_report	32	static
../Core/Src/BNO085.c:452:17:_parse_command_report	16	static
../Core/Src/BNO085.c:473:6:bno_setup	24	static
../Core/Src/BNO085.c:520:6:bno_enable_rotation_vector	16	static
../Core/Src/BNO085.c:525:10:bno_get_readings	8	static
../Core/Src/BNO085.c:545:7:bno_get_yaw	56	static
