../Core/Inc/micros.h:39:22:DWT_Init	4	static
../Core/Src/main.c:79:5:__io_putchar	16	static
../Core/Src/main.c:85:5:__io_getchar	16	static
../Core/Src/main.c:98:5:main	8	static
../Core/Src/main.c:153:6:SystemClock_Config	88	static
../Core/Src/main.c:201:13:MX_FDCAN2_Init	8	static
../Core/Src/main.c:244:13:MX_I2C2_Init	8	static
../Core/Src/main.c:292:13:MX_SPI1_Init	8	static
../Core/Src/main.c:332:13:MX_USART2_UART_Init	8	static
../Core/Src/main.c:380:13:MX_GPIO_Init	40	static
../Core/Src/main.c:451:6:Error_Handler	4	static,ignoring_inline_asm
