Archive member included to satisfy reference by file (symbol)

C:/ST/STM32CubeIDE_1.16.0/STM32CubeIDE/plugins/com.st.stm32cube.ide.mcu.externaltools.gnu-tools-for-stm32.12.3.rel1.win32_1.0.200.202406191623/tools/bin/../lib/gcc/arm-none-eabi/12.3.1/../../../../arm-none-eabi/lib/thumb/v7e-m+fp/hard\libc_nano.a(libc_a-exit.o)
                              C:/ST/STM32CubeIDE_1.16.0/STM32CubeIDE/plugins/com.st.stm32cube.ide.mcu.externaltools.gnu-tools-for-stm32.12.3.rel1.win32_1.0.200.202406191623/tools/bin/../lib/gcc/arm-none-eabi/12.3.1/../../../../arm-none-eabi/lib/thumb/v7e-m+fp/hard/crt0.o (exit)
C:/ST/STM32CubeIDE_1.16.0/STM32CubeIDE/plugins/com.st.stm32cube.ide.mcu.externaltools.gnu-tools-for-stm32.12.3.rel1.win32_1.0.200.202406191623/tools/bin/../lib/gcc/arm-none-eabi/12.3.1/../../../../arm-none-eabi/lib/thumb/v7e-m+fp/hard\libc_nano.a(libc_a-nano-vfprintf_float.o)
                              (_printf_float)
C:/ST/STM32CubeIDE_1.16.0/STM32CubeIDE/plugins/com.st.stm32cube.ide.mcu.externaltools.gnu-tools-for-stm32.12.3.rel1.win32_1.0.200.202406191623/tools/bin/../lib/gcc/arm-none-eabi/12.3.1/../../../../arm-none-eabi/lib/thumb/v7e-m+fp/hard\libc_nano.a(libc_a-nano-vfprintf_i.o)
                              C:/ST/STM32CubeIDE_1.16.0/STM32CubeIDE/plugins/com.st.stm32cube.ide.mcu.externaltools.gnu-tools-for-stm32.12.3.rel1.win32_1.0.200.202406191623/tools/bin/../lib/gcc/arm-none-eabi/12.3.1/../../../../arm-none-eabi/lib/thumb/v7e-m+fp/hard\libc_nano.a(libc_a-nano-vfprintf_float.o) (_printf_common)
C:/ST/STM32CubeIDE_1.16.0/STM32CubeIDE/plugins/com.st.stm32cube.ide.mcu.externaltools.gnu-tools-for-stm32.12.3.rel1.win32_1.0.200.202406191623/tools/bin/../lib/gcc/arm-none-eabi/12.3.1/../../../../arm-none-eabi/lib/thumb/v7e-m+fp/hard\libc_nano.a(libc_a-nano-vfscanf_float.o)
                              (_scanf_float)
C:/ST/STM32CubeIDE_1.16.0/STM32CubeIDE/plugins/com.st.stm32cube.ide.mcu.externaltools.gnu-tools-for-stm32.12.3.rel1.win32_1.0.200.202406191623/tools/bin/../lib/gcc/arm-none-eabi/12.3.1/../../../../arm-none-eabi/lib/thumb/v7e-m+fp/hard\libc_nano.a(libc_a-findfp.o)
                              C:/ST/STM32CubeIDE_1.16.0/STM32CubeIDE/plugins/com.st.stm32cube.ide.mcu.externaltools.gnu-tools-for-stm32.12.3.rel1.win32_1.0.200.202406191623/tools/bin/../lib/gcc/arm-none-eabi/12.3.1/../../../../arm-none-eabi/lib/thumb/v7e-m+fp/hard\libc_nano.a(libc_a-exit.o) (__stdio_exit_handler)
C:/ST/STM32CubeIDE_1.16.0/STM32CubeIDE/plugins/com.st.stm32cube.ide.mcu.externaltools.gnu-tools-for-stm32.12.3.rel1.win32_1.0.200.202406191623/tools/bin/../lib/gcc/arm-none-eabi/12.3.1/../../../../arm-none-eabi/lib/thumb/v7e-m+fp/hard\libc_nano.a(libc_a-fwalk.o)
                              C:/ST/STM32CubeIDE_1.16.0/STM32CubeIDE/plugins/com.st.stm32cube.ide.mcu.externaltools.gnu-tools-for-stm32.12.3.rel1.win32_1.0.200.202406191623/tools/bin/../lib/gcc/arm-none-eabi/12.3.1/../../../../arm-none-eabi/lib/thumb/v7e-m+fp/hard\libc_nano.a(libc_a-findfp.o) (_fwalk_sglue)
C:/ST/STM32CubeIDE_1.16.0/STM32CubeIDE/plugins/com.st.stm32cube.ide.mcu.externaltools.gnu-tools-for-stm32.12.3.rel1.win32_1.0.200.202406191623/tools/bin/../lib/gcc/arm-none-eabi/12.3.1/../../../../arm-none-eabi/lib/thumb/v7e-m+fp/hard\libc_nano.a(libc_a-printf.o)
                              ./Core/Src/BNO08x.o (printf)
C:/ST/STM32CubeIDE_1.16.0/STM32CubeIDE/plugins/com.st.stm32cube.ide.mcu.externaltools.gnu-tools-for-stm32.12.3.rel1.win32_1.0.200.202406191623/tools/bin/../lib/gcc/arm-none-eabi/12.3.1/../../../../arm-none-eabi/lib/thumb/v7e-m+fp/hard\libc_nano.a(libc_a-puts.o)
                              ./Core/Src/BNO08x.o (puts)
C:/ST/STM32CubeIDE_1.16.0/STM32CubeIDE/plugins/com.st.stm32cube.ide.mcu.externaltools.gnu-tools-for-stm32.12.3.rel1.win32_1.0.200.202406191623/tools/bin/../lib/gcc/arm-none-eabi/12.3.1/../../../../arm-none-eabi/lib/thumb/v7e-m+fp/hard\libc_nano.a(libc_a-sprintf.o)
                              C:/ST/STM32CubeIDE_1.16.0/STM32CubeIDE/plugins/com.st.stm32cube.ide.mcu.externaltools.gnu-tools-for-stm32.12.3.rel1.win32_1.0.200.202406191623/tools/bin/../lib/gcc/arm-none-eabi/12.3.1/../../../../arm-none-eabi/lib/thumb/v7e-m+fp/hard\libc_nano.a(libc_a-nano-vfscanf_float.o) (sprintf)
C:/ST/STM32CubeIDE_1.16.0/STM32CubeIDE/plugins/com.st.stm32cube.ide.mcu.externaltools.gnu-tools-for-stm32.12.3.rel1.win32_1.0.200.202406191623/tools/bin/../lib/gcc/arm-none-eabi/12.3.1/../../../../arm-none-eabi/lib/thumb/v7e-m+fp/hard\libc_nano.a(libc_a-stdio.o)
                              C:/ST/STM32CubeIDE_1.16.0/STM32CubeIDE/plugins/com.st.stm32cube.ide.mcu.externaltools.gnu-tools-for-stm32.12.3.rel1.win32_1.0.200.202406191623/tools/bin/../lib/gcc/arm-none-eabi/12.3.1/../../../../arm-none-eabi/lib/thumb/v7e-m+fp/hard\libc_nano.a(libc_a-findfp.o) (__sread)
[...]
Memory Configuration

Name             Origin             Length             Attributes
RAM              0x20000000         0x0001c000         xrw
FLASH            0x08000000         0x00080000         xr
*default*        0x00000000         0xffffffff

Linker script and memory map

LOAD C:/ST/STM32CubeIDE_1.16.0/STM32CubeIDE/plugins/com.st.stm32cube.ide.mcu.externaltools.gnu-tools-for-stm32.12.3.rel1.win32_1.0.200.202406191623/tools/bin/../lib/gcc/arm-none-eabi/12.3.1/thumb/v7e-m+fp/hard/crti.o
LOAD C:/ST/STM32CubeIDE_1.16.0/STM32CubeIDE/plugins/com.st.stm32cube.ide.mcu.externaltools.gnu-tools-for-stm32.12.3.rel1.win32_1.0.200.202406191623/tools/bin/../lib/gcc/arm-none-eabi/12.3.1/thumb/v7e-m+fp/hard/crtbegin.o
LOAD C:/ST/STM32CubeIDE_1.16.0/STM32CubeIDE/plugins/com.st.stm32cube.ide.mcu.externaltools.gnu-tools-for-stm32.12.3.rel1.win32_1.0.200.202406191623/tools/bin/../lib/gcc/arm-none-eabi/12.3.1/../../../../arm-none-eabi/lib/thumb/v7e-m+fp/hard/crt0.o
LOAD ./Core/Src/BNO08x.o
LOAD ./Core/Src/PAA5163.o
LOAD ./Core/Src/main.o
LOAD ./Core/Src/runtime.o
LOAD ./Core/Src/stm32g4xx_hal_msp.o
LOAD ./Core/Src/stm32g4xx_it.o
LOAD ./Core/Src/syscalls.o
LOAD ./Core/Src/sysmem.o
LOAD ./Core/Src/system_stm32g4xx.o
LOAD ./Core/Src/time.o
LOAD ./Core/Src/SH2_Src/sh2.o
LOAD ./Core/Src/SH2_Src/sh2_SensorValue.o
LOAD ./Core/Src/SH2_Src/sh2_util.o
LOAD ./Core/Src/SH2_Src/shtp.o
LOAD ./Core/Startup/startup_stm32g491keux.o
LOAD ./Drivers/STM32G4xx_HAL_Driver/Src/stm32g4xx_hal.o
LOAD ./Drivers/STM32G4xx_HAL_Driver/Src/stm32g4xx_hal_cortex.o
LOAD ./Drivers/STM32G4xx_HAL_Driver/Src/stm32g4xx_hal_dma.o
LOAD ./Drivers/STM32G4xx_HAL_Driver/Src/stm32g4xx_hal_dma_ex.o
LOAD ./Drivers/STM32G4xx_HAL_Driver/Src/stm32g4xx_hal_exti.o
LOAD ./Drivers/STM32G4xx_HAL_Driver/Src/stm32g4xx_hal_fdcan.o
LOAD ./Drivers/STM32G4xx_HAL_Driver/Src/stm32g4xx_hal_flash.o
LOAD ./Drivers/STM32G4xx_HAL_Driver/Src/stm32g4xx_hal_flash_ex.o
LOAD ./Drivers/STM32G4xx_HAL_Driver/Src/stm32g4xx_hal_flash_ramfunc.o
LOAD ./Drivers/STM32G4xx_HAL_Driver/Src/stm32g4xx_hal_gpio.o
LOAD ./Drivers/STM32G4xx_HAL_Driver/Src/stm32g4xx_hal_i2c.o
LOAD ./Drivers/STM32G4xx_HAL_Driver/Src/stm32g4xx_hal_i2c_ex.o
LOAD ./Drivers/STM32G4xx_HAL_Driver/Src/stm32g4xx_hal_pcd.o
LOAD ./Drivers/STM32G4xx_HAL_Driver/Src/stm32g4xx_hal_pcd_ex.o
LOAD ./Drivers/STM32G4xx_HAL_Driver/Src/stm32g4xx_hal_pwr.o
LOAD ./Drivers/STM32G4xx_HAL_Driver/Src/stm32g4xx_hal_pwr_ex.o
LOAD ./Drivers/STM32G4xx_HAL_Driver/Src/stm32g4xx_hal_rcc.o
LOAD ./Drivers/STM32G4xx_HAL_Driver/Src/stm32g4xx_hal_rcc_ex.o
LOAD ./Drivers/STM32G4xx_HAL_Driver/Src/stm32g4xx_hal_spi.o
LOAD ./Drivers/STM32G4xx_HAL_Driver/Src/stm32g4xx_hal_spi_ex.o
LOAD ./Drivers/STM32G4xx_HAL_Driver/Src/stm32g4xx_hal_tim.o
LOAD ./Drivers/STM32G4xx_HAL_Driver/Src/stm32g4xx_hal_tim_ex.o
LOAD ./Drivers/STM32G4xx_HAL_Driver/Src/stm32g4xx_hal_uart.o
LOAD ./Drivers/STM32G4xx_HAL_Driver/Src/stm32g4xx_hal_uart_ex.o
LOAD ./Drivers/STM32G4xx_HAL_Driver/Src/stm32g4xx_ll_usb.o
LOAD ./Middlewares/ST/STM32_USB_Device_Library/Class/CDC/Src/usbd_cdc.o
LOAD ./Middlewares/ST/STM32_USB_Device_Library/Core/Src/usbd_core.o
LOAD ./Middlewares/ST/STM32_USB_Device_Library/Core/Src/usbd_ctlreq.o
LOAD ./Middlewares/ST/STM32_USB_Device_Library/Core/Src/usbd_ioreq.o
LOAD ./USB_Device/App/usb_device.o
LOAD ./USB_Device/App/usbd_cdc_if.o
LOAD ./USB_Device/App/usbd_desc.o
LOAD ./USB_Device/Target/usbd_conf.o
START GROUP
LOAD C:/ST/STM32CubeIDE_1.16.0/STM32CubeIDE/plugins/com.st.stm32cube.ide.mcu.externaltools.gnu-tools-for-stm32.12.3.rel1.win32_1.0.200.202406191623/tools/bin/../lib/gcc/arm-none-eabi/12.3.1/../../../../arm-none-eabi/lib/thumb/v7e-m+fp/hard\libc_nano.a
LOAD C:/ST/STM32CubeIDE_1.16.0/STM32CubeIDE/plugins/com.st.stm32cube.ide.mcu.externaltools.gnu-tools-for-stm32.12.3.rel1.win32_1.0.200.202406191623/tools/bin/../lib/gcc/arm-none-eabi/12.3.1/../../../../arm-none-eabi/lib/thumb/v7e-m+fp/hard\libm.a
END GROUP
START GROUP
LOAD C:/ST/STM32CubeIDE_1.16.0/STM32CubeIDE/plugins/com.st.stm32cube.ide.mcu.externaltools.gnu-tools-for-stm32.12.3.rel1.win32_1.0.200.202406191623/tools/bin/../lib/gcc/arm-none-eabi/12.3.1/thumb/v7e-m+fp/hard\libgcc.a
LOAD C:/ST/STM32CubeIDE_1.16.0/STM32CubeIDE/plugins/com.st.stm32cube.ide.mcu.externaltools.gnu-tools-for-stm32.12.3.rel1.win32_1.0.200.202406191623/tools/bin/../lib/gcc/arm-none-eabi/12.3.1/../../../../arm-none-eabi/lib/thumb/v7e-m+fp/hard\libc_nano.a
END GROUP
START GROUP
LOAD C:/ST/STM32CubeIDE_1.16.0/STM32CubeIDE/plugins/com.st.stm32cube.ide.mcu.externaltools.gnu-tools-for-stm32.12.3.rel1.win32_1.0.200.202406191623/tools/bin/../lib/gcc/arm-none-eabi/12.3.1/thumb/v7e-m+fp/hard\libgcc.a
LOAD C:/ST/STM32CubeIDE_1.16.0/STM32CubeIDE/plugins/com.st.stm32cube.ide.mcu.externaltools.gnu-tools-for-stm32.12.3.rel1.win32_1.0.200.202406191623/tools/bin/../lib/gcc/arm-none-eabi/12.3.1/../../../../arm-none-eabi/lib/thumb/v7e-m+fp/hard\libc_nano.a
LOAD C:/ST/STM32CubeIDE_1.16.0/STM32CubeIDE/plugins/com.st.stm32cube.ide.mcu.externaltools.gnu-tools-for-stm32.12.3.rel1.win32_1.0.200.202406191623/tools/bin/../lib/gcc/arm-none-eabi/12.3.1/../../../../arm-none-eabi/lib/thumb/v7e-m+fp/hard\libnosys.a
END GROUP
START GROUP
LOAD C:/ST/STM32CubeIDE_1.16.0/STM32CubeIDE/plugins/com.st.stm32cube.ide.mcu.externaltools.gnu-tools-for-stm32.12.3.rel1.win32_1.0.200.202406191623/tools/bin/../lib/gcc/arm-none-eabi/12.3.1/thumb/v7e-m+fp/hard\libgcc.a
LOAD C:/ST/STM32CubeIDE_1.16.0/STM32CubeIDE/plugins/com.st.stm32cube.ide.mcu.externaltools.gnu-tools-for-stm32.12.3.rel1.win32_1.0.200.202406191623/tools/bin/../lib/gcc/arm-none-eabi/12.3.1/../../../../arm-none-eabi/lib/thumb/v7e-m+fp/hard\libc_nano.a
LOAD C:/ST/STM32CubeIDE_1.16.0/STM32CubeIDE/plugins/com.st.stm32cube.ide.mcu.externaltools.gnu-tools-for-stm32.12.3.rel1.win32_1.0.200.202406191623/tools/bin/../lib/gcc/arm-none-eabi/12.3.1/../../../../arm-none-eabi/lib/thumb/v7e-m+fp/hard\libnosys.a
END GROUP
LOAD C:/ST/STM32CubeIDE_1.16.0/STM32CubeIDE/plugins/com.st.stm32cube.ide.mcu.externaltools.gnu-tools-for-stm32.12.3.rel1.win32_1.0.200.202406191623/tools/bin/../lib/gcc/arm-none-eabi/12.3.1/thumb/v7e-m+fp/hard/crtend.o
LOAD C:/ST/STM32CubeIDE_1.16.0/STM32CubeIDE/plugins/com.st.stm32cube.ide.mcu.externaltools.gnu-tools-for-stm32.12.3.rel1.win32_1.0.200.202406191623/tools/bin/../lib/gcc/arm-none-eabi/12.3.1/thumb/v7e-m+fp/hard/crtn.o
                0x2001c000                        _estack = (ORIGIN (RAM) + LENGTH (RAM))
                0x00000200                        _Min_Heap_Size = 0x200
                0x00000400                        _Min_Stack_Size = 0x400

.isr_vector     0x08000000      0x1d8
                0x08000000                        . = ALIGN (0x4)
 *(.isr_vector)
 .isr_vector    0x08000000      0x1d8 ./Core/Startup/startup_stm32g491keux.o
                0x08000000                g_pfnVectors
                0x080001d8                        . = ALIGN (0x4)

.text           0x080001e0    0x1356c
                0x080001e0                        . = ALIGN (0x4)
 *(.text)
 .text          0x080001e0       0x40 C:/ST/STM32CubeIDE_1.16.0/STM32CubeIDE/plugins/com.st.stm32cube.ide.mcu.externaltools.gnu-tools-for-stm32.12.3.rel1.win32_1.0.200.202406191623/tools/bin/../lib/gcc/arm-none-eabi/12.3.1/thumb/v7e-m+fp/hard/crtbegin.o
 .text          0x08000220       0x14 C:/ST/STM32CubeIDE_1.16.0/STM32CubeIDE/plugins/com.st.stm32cube.ide.mcu.externaltools.gnu-tools-for-stm32.12.3.rel1.win32_1.0.200.202406191623/tools/bin/../lib/gcc/arm-none-eabi/12.3.1/../../../../arm-none-eabi/lib/thumb/v7e-m+fp/hard\libc_nano.a(libc_a-strcmp.o)
                0x08000220                strcmp
 *fill*         0x08000234        0xc 
 .text          0x08000240       0xa0 C:/ST/STM32CubeIDE_1.16.0/STM32CubeIDE/plugins/com.st.stm32cube.ide.mcu.externaltools.gnu-tools-for-stm32.12.3.rel1.win32_1.0.200.202406191623/tools/bin/../lib/gcc/arm-none-eabi/12.3.1/../../../../arm-none-eabi/lib/thumb/v7e-m+fp/hard\libc_nano.a(libc_a-memchr.o)
                0x08000240                memchr
 .text          0x080002e0       0x10 C:/ST/STM32CubeIDE_1.16.0/STM32CubeIDE/plugins/com.st.stm32cube.ide.mcu.externaltools.gnu-tools-for-stm32.12.3.rel1.win32_1.0.200.202406191623/tools/bin/../lib/gcc/arm-none-eabi/12.3.1/../../../../arm-none-eabi/lib/thumb/v7e-m+fp/hard\libc_nano.a(libc_a-strlen.o)
                0x080002e0                strlen
 .text          0x080002f0      0x378 C:/ST/STM32CubeIDE_1.16.0/STM32CubeIDE/plugins/com.st.stm32cube.ide.mcu.externaltools.gnu-tools-for-stm32.12.3.rel1.win32_1.0.200.202406191623/tools/bin/../lib/gcc/arm-none-eabi/12.3.1/thumb/v7e-m+fp/hard\libgcc.a(_arm_addsubdf3.o)
                0x080002f0                __aeabi_drsub
                0x080002f8                __aeabi_dsub
                0x080002f8                __subdf3
                0x080002fc                __aeabi_dadd
                0x080002fc                __adddf3
                0x08000574                __floatunsidf
                0x08000574                __aeabi_ui2d
                0x08000594                __floatsidf
                0x08000594                __aeabi_i2d
                0x080005b8                __aeabi_f2d
                0x080005b8                __extendsfdf2
                0x080005fc                __floatundidf
                0x080005fc                __aeabi_ul2d
                0x0800060c                __floatdidf
                0x0800060c                __aeabi_l2d
 .text          0x08000668      0x424 C:/ST/STM32CubeIDE_1.16.0/STM32CubeIDE/plugins/com.st.stm32cube.ide.mcu.externaltools.gnu-tools-for-stm32.12.3.rel1.win32_1.0.200.202406191623/tools/bin/../lib/gcc/arm-none-eabi/12.3.1/thumb/v7e-m+fp/hard\libgcc.a(_arm_muldivdf3.o)
                0x08000668                __aeabi_dmul
                0x08000668                __muldf3
                0x080008bc                __divdf3
                0x080008bc                __aeabi_ddiv
 .text          0x08000a8c      0x110 C:/ST/STM32CubeIDE_1.16.0/STM32CubeIDE/plugins/com.st.stm32cube.ide.mcu.externaltools.gnu-tools-for-stm32.12.3.rel1.win32_1.0.200.202406191623/tools/bin/../lib/gcc/arm-none-eabi/12.3.1/thumb/v7e-m+fp/hard\libgcc.a(_arm_cmpdf2.o)
                0x08000a8c                __gtdf2
                0x08000a8c                __gedf2
                0x08000a94                __ltdf2
                0x08000a94                __ledf2
                0x08000a9c                __nedf2
                0x08000a9c                __eqdf2
                0x08000a9c                __cmpdf2
                0x08000b18                __aeabi_cdrcmple
                0x08000b28                __aeabi_cdcmpeq
                0x08000b28                __aeabi_cdcmple
                0x08000b38                __aeabi_dcmpeq
                0x08000b4c                __aeabi_dcmplt
                0x08000b60                __aeabi_dcmple
                0x08000b74                __aeabi_dcmpge
                0x08000b88                __aeabi_dcmpgt
 .text          0x08000b9c       0x2c C:/ST/STM32CubeIDE_1.16.0/STM32CubeIDE/plugins/com.st.stm32cube.ide.mcu.externaltools.gnu-tools-for-stm32.12.3.rel1.win32_1.0.200.202406191623/tools/bin/../lib/gcc/arm-none-eabi/12.3.1/thumb/v7e-m+fp/hard\libgcc.a(_arm_unorddf2.o)
                0x08000b9c                __unorddf2
                0x08000b9c                __aeabi_dcmpun
 .text          0x08000bc8       0x50 C:/ST/STM32CubeIDE_1.16.0/STM32CubeIDE/plugins/com.st.stm32cube.ide.mcu.externaltools.gnu-tools-for-stm32.12.3.rel1.win32_1.0.200.202406191623/tools/bin/../lib/gcc/arm-none-eabi/12.3.1/thumb/v7e-m+fp/hard\libgcc.a(_arm_fixdfsi.o)
                0x08000bc8                __aeabi_d2iz
                0x08000bc8                __fixdfsi
 .text          0x08000c18       0x40 C:/ST/STM32CubeIDE_1.16.0/STM32CubeIDE/plugins/com.st.stm32cube.ide.mcu.externaltools.gnu-tools-for-stm32.12.3.rel1.win32_1.0.200.202406191623/tools/bin/../lib/gcc/arm-none-eabi/12.3.1/thumb/v7e-m+fp/hard\libgcc.a(_arm_fixunsdfsi.o)
                0x08000c18                __aeabi_d2uiz
                0x08000c18                __fixunsdfsi
 .text          0x08000c58       0xa0 C:/ST/STM32CubeIDE_1.16.0/STM32CubeIDE/plugins/com.st.stm32cube.ide.mcu.externaltools.gnu-tools-for-stm32.12.3.rel1.win32_1.0.200.202406191623/tools/bin/../lib/gcc/arm-none-eabi/12.3.1/thumb/v7e-m+fp/hard\libgcc.a(_arm_truncdfsf2.o)
                0x08000c58                __truncdfsf2
                0x08000c58                __aeabi_d2f
 .text          0x08000cf8       0x30 C:/ST/STM32CubeIDE_1.16.0/STM32CubeIDE/plugins/com.st.stm32cube.ide.mcu.externaltools.gnu-tools-for-stm32.12.3.rel1.win32_1.0.200.202406191623/tools/bin/../lib/gcc/arm-none-eabi/12.3.1/thumb/v7e-m+fp/hard\libgcc.a(_aeabi_uldivmod.o)
                0x08000cf8                __aeabi_uldivmod
 .text          0x08000d28       0x30 C:/ST/STM32CubeIDE_1.16.0/STM32CubeIDE/plugins/com.st.stm32cube.ide.mcu.externaltools.gnu-tools-for-stm32.12.3.rel1.win32_1.0.200.202406191623/tools/bin/../lib/gcc/arm-none-eabi/12.3.1/thumb/v7e-m+fp/hard\libgcc.a(_fixdfdi.o)
                0x08000d28                __fixdfdi
                0x08000d28                __aeabi_d2lz
 .text          0x08000d58       0x3c C:/ST/STM32CubeIDE_1.16.0/STM32CubeIDE/plugins/com.st.stm32cube.ide.mcu.externaltools.gnu-tools-for-stm32.12.3.rel1.win32_1.0.200.202406191623/tools/bin/../lib/gcc/arm-none-eabi/12.3.1/thumb/v7e-m+fp/hard\libgcc.a(_fixunsdfdi.o)
                0x08000d58                __fixunsdfdi
                0x08000d58                __aeabi_d2ulz
 .text          0x08000d94      0x2bc C:/ST/STM32CubeIDE_1.16.0/STM32CubeIDE/plugins/com.st.stm32cube.ide.mcu.externaltools.gnu-tools-for-stm32.12.3.rel1.win32_1.0.200.202406191623/tools/bin/../lib/gcc/arm-none-eabi/12.3.1/thumb/v7e-m+fp/hard\libgcc.a(_udivmoddi4.o)
                0x08000d94                __udivmoddi4
 .text          0x08001050        0x4 C:/ST/STM32CubeIDE_1.16.0/STM32CubeIDE/plugins/com.st.stm32cube.ide.mcu.externaltools.gnu-tools-for-stm32.12.3.rel1.win32_1.0.200.202406191623/tools/bin/../lib/gcc/arm-none-eabi/12.3.1/thumb/v7e-m+fp/hard\libgcc.a(_dvmd_tls.o)
                0x08001050                __aeabi_idiv0
                0x08001050                __aeabi_ldiv0
 *(.text*)
 .text._select  0x08001054       0x20 ./Core/Src/BNO08x.o
 .text._deselect
                0x08001074       0x20 ./Core/Src/BNO08x.o
 .text._sensorReady
                0x08001094       0x2c ./Core/Src/BNO08x.o
 .text._waitForSensRdy
                0x080010c0       0x3e ./Core/Src/BNO08x.o
 *fill*         0x080010fe        0x2 
 .text._reset   0x08001100       0x20 ./Core/Src/BNO08x.o
 .text._release
                0x08001120       0x20 ./Core/Src/BNO08x.o
 .text._getTimeUs
                0x08001140       0x1e ./Core/Src/BNO08x.o
                0x08001140                _getTimeUs
 *fill*         0x0800115e        0x2 
 .text._write   0x08001160       0x50 ./Core/Src/BNO08x.o
 .text._read    0x080011b0       0xc4 ./Core/Src/BNO08x.o
 .text._open    0x08001274       0x4c ./Core/Src/BNO08x.o
 .text._close   0x080012c0       0x18 ./Core/Src/BNO08x.o
 .text._eventCallback
                0x080012d8       0x78 ./Core/Src/BNO08x.o
 .text._reportHandler
                0x08001350       0x44 ./Core/Src/BNO08x.o
 .text.bnoInit  0x08001394       0xfc ./Core/Src/BNO08x.o
                0x08001394                bnoInit
 .text.bnoProcess
                0x08001490       0x44 ./Core/Src/BNO08x.o
                0x08001490                bnoProcess
 .text.bnoWasReset
                0x080014d4       0x24 ./Core/Src/BNO08x.o
                0x080014d4                bnoWasReset
 .text.bnoGetProdIds
                0x080014f8       0x14 ./Core/Src/BNO08x.o
                0x080014f8                bnoGetProdIds
 .text.bnoEnableReportInterval
                0x0800150c       0x60 ./Core/Src/BNO08x.o
                0x0800150c                bnoEnableReportInterval
 .text.__io_putchar
                0x0800156c       0x28 ./Core/Src/main.o
                0x0800156c                __io_putchar
 .text.__io_getchar
                0x08001594       0x20 ./Core/Src/main.o
                0x08001594                __io_getchar
 .text.main     0x080015b4       0x8c ./Core/Src/main.o
                0x080015b4                main
 .text.SystemClock_Config
                0x08001640       0x9c ./Core/Src/main.o
                0x08001640                SystemClock_Config
 .text.MX_FDCAN2_Init
                0x080016dc       0x8c ./Core/Src/main.o
 .text.MX_I2C2_Init
                0x08001768       0x80 ./Core/Src/main.o
 .text.MX_SPI1_Init
                0x080017e8       0x7c ./Core/Src/main.o
 .text.MX_USART2_UART_Init
                0x08001864       0x98 ./Core/Src/main.o
 .text.MX_GPIO_Init
                0x080018fc      0x118 ./Core/Src/main.o
 .text.Error_Handler
                0x08001a14        0xc ./Core/Src/main.o
                0x08001a14                Error_Handler
 .text.__NVIC_SystemReset
                0x08001a20       0x2c ./Core/Src/runtime.o
 .text.setBnoReports
                0x08001a4c       0x3c ./Core/Src/runtime.o
                0x08001a4c                setBnoReports
 .text.setup    0x08001a88      0x120 ./Core/Src/runtime.o
                0x08001a88                setup
 .text.loop     0x08001ba8      0x124 ./Core/Src/runtime.o
                0x08001ba8                loop
 .text.HAL_MspInit
                0x08001ccc       0x48 ./Core/Src/stm32g4xx_hal_msp.o
                0x08001ccc                HAL_MspInit
 .text.HAL_FDCAN_MspInit
                0x08001d14       0xb4 ./Core/Src/stm32g4xx_hal_msp.o
                0x08001d14                HAL_FDCAN_MspInit
 .text.HAL_I2C_MspInit
                0x08001dc8       0xd0 ./Core/Src/stm32g4xx_hal_msp.o
                0x08001dc8                HAL_I2C_MspInit
 .text.HAL_SPI_MspInit
                0x08001e98       0x84 ./Core/Src/stm32g4xx_hal_msp.o
                0x08001e98                HAL_SPI_MspInit
 .text.HAL_UART_MspInit
                0x08001f1c       0xb0 ./Core/Src/stm32g4xx_hal_msp.o
                0x08001f1c                HAL_UART_MspInit
 .text.NMI_Handler
                0x08001fcc        0x8 ./Core/Src/stm32g4xx_it.o
                0x08001fcc                NMI_Handler
 .text.HardFault_Handler
                0x08001fd4        0x8 ./Core/Src/stm32g4xx_it.o
                0x08001fd4                HardFault_Handler
 .text.MemManage_Handler
                0x08001fdc        0x8 ./Core/Src/stm32g4xx_it.o
                0x08001fdc                MemManage_Handler
 .text.BusFault_Handler
                0x08001fe4        0x8 ./Core/Src/stm32g4xx_it.o
                0x08001fe4                BusFault_Handler
 .text.UsageFault_Handler
                0x08001fec        0x8 ./Core/Src/stm32g4xx_it.o
                0x08001fec                UsageFault_Handler
 .text.SVC_Handler
                0x08001ff4        0xe ./Core/Src/stm32g4xx_it.o
                0x08001ff4                SVC_Handler
 .text.DebugMon_Handler
                0x08002002        0xe ./Core/Src/stm32g4xx_it.o
                0x08002002                DebugMon_Handler
 .text.PendSV_Handler
                0x08002010        0xe ./Core/Src/stm32g4xx_it.o
                0x08002010                PendSV_Handler
 .text.SysTick_Handler
                0x0800201e        0xc ./Core/Src/stm32g4xx_it.o
                0x0800201e                SysTick_Handler
 *fill*         0x0800202a        0x2 
 .text.USB_LP_IRQHandler
                0x0800202c       0x14 ./Core/Src/stm32g4xx_it.o
                0x0800202c                USB_LP_IRQHandler
 .text.I2C2_EV_IRQHandler
                0x08002040       0x14 ./Core/Src/stm32g4xx_it.o
                0x08002040                I2C2_EV_IRQHandler
 .text.I2C2_ER_IRQHandler
                0x08002054       0x14 ./Core/Src/stm32g4xx_it.o
                0x08002054                I2C2_ER_IRQHandler
 .text._getpid  0x08002068       0x10 ./Core/Src/syscalls.o
                0x08002068                _getpid
 .text._kill    0x08002078       0x20 ./Core/Src/syscalls.o
                0x08002078                _kill
 .text._exit    0x08002098       0x16 ./Core/Src/syscalls.o
                0x08002098                _exit
 .text._read    0x080020ae       0x3a ./Core/Src/syscalls.o
                0x080020ae                _read
 .text._write   0x080020e8       0x38 ./Core/Src/syscalls.o
                0x080020e8                _write
 .text._close   0x08002120       0x18 ./Core/Src/syscalls.o
                0x08002120                _close
 .text._fstat   0x08002138       0x20 ./Core/Src/syscalls.o
                0x08002138                _fstat
 .text._isatty  0x08002158       0x16 ./Core/Src/syscalls.o
                0x08002158                _isatty
 .text._lseek   0x0800216e       0x1a ./Core/Src/syscalls.o
                0x0800216e                _lseek
 .text._sbrk    0x08002188       0x6c ./Core/Src/sysmem.o
                0x08002188                _sbrk
 .text.SystemInit
                0x080021f4       0x24 ./Core/Src/system_stm32g4xx.o
                0x080021f4                SystemInit
 .text.opStart  0x08002218       0x54 ./Core/Src/SH2_Src/sh2.o
 .text.opRx     0x0800226c       0x3c ./Core/Src/SH2_Src/sh2.o
 .text.sensorhubAdvertHdlr
                0x080022a8       0xe0 ./Core/Src/SH2_Src/sh2.o
 .text.sensorhubControlHdlr
                0x08002388      0x1a0 ./Core/Src/SH2_Src/sh2.o
 .text.opCompleted
                0x08002528       0x28 ./Core/Src/SH2_Src/sh2.o
 .text.opProcess
                0x08002550       0xa4 ./Core/Src/SH2_Src/sh2.o
 .text.getReportLen
                0x080025f4       0x4c ./Core/Src/SH2_Src/sh2.o
 .text.touSTimestamp
                0x08002640       0x88 ./Core/Src/SH2_Src/sh2.o
 .text.sensorhubInputHdlr
                0x080026c8      0x14a ./Core/Src/SH2_Src/sh2.o
 .text.sensorhubInputNormalHdlr
                0x08002812       0x28 ./Core/Src/SH2_Src/sh2.o
 .text.sensorhubInputWakeHdlr
                0x0800283a       0x28 ./Core/Src/SH2_Src/sh2.o
 .text.sensorhubInputGyroRvHdlr
                0x08002862       0x9c ./Core/Src/SH2_Src/sh2.o
 .text.executableAdvertHdlr
                0x080028fe       0x1e ./Core/Src/SH2_Src/sh2.o
 .text.executableDeviceHdlr
                0x0800291c       0x80 ./Core/Src/SH2_Src/sh2.o
 .text.sendCtrl
                0x0800299c       0x28 ./Core/Src/SH2_Src/sh2.o
 .text.getProdIdStart
                0x080029c4       0x48 ./Core/Src/SH2_Src/sh2.o
 .text.getProdIdRx
                0x08002a0c       0xf0 ./Core/Src/SH2_Src/sh2.o
 .text.setSensorConfigStart
                0x08002afc       0xc8 ./Core/Src/SH2_Src/sh2.o
 .text.shtpEventCallback
                0x08002bc4       0x48 ./Core/Src/SH2_Src/sh2.o
 .text.sh2_open
                0x08002c0c      0x190 ./Core/Src/SH2_Src/sh2.o
                0x08002c0c                sh2_open
 .text.sh2_service
                0x08002d9c       0x20 ./Core/Src/SH2_Src/sh2.o
                0x08002d9c                sh2_service
 .text.sh2_setSensorCallback
                0x08002dbc       0x30 ./Core/Src/SH2_Src/sh2.o
                0x08002dbc                sh2_setSensorCallback
 .text.sh2_getProdIds
                0x08002dec       0x3c ./Core/Src/SH2_Src/sh2.o
                0x08002dec                sh2_getProdIds
 .text.sh2_setSensorConfig
                0x08002e28       0x48 ./Core/Src/SH2_Src/sh2.o
                0x08002e28                sh2_setSensorConfig
 .text.sh2_decodeSensorEvent
                0x08002e70      0x2e8 ./Core/Src/SH2_Src/sh2_SensorValue.o
                0x08002e70                sh2_decodeSensorEvent
 .text.decodeRawAccelerometer
                0x08003158       0x5c ./Core/Src/SH2_Src/sh2_SensorValue.o
 .text.decodeAccelerometer
                0x080031b4       0x80 ./Core/Src/SH2_Src/sh2_SensorValue.o
 .text.decodeLinearAcceleration
                0x08003234       0x80 ./Core/Src/SH2_Src/sh2_SensorValue.o
 .text.decodeGravity
                0x080032b4       0x80 ./Core/Src/SH2_Src/sh2_SensorValue.o
 .text.decodeRawGyroscope
                0x08003334       0x6e ./Core/Src/SH2_Src/sh2_SensorValue.o
 *fill*         0x080033a2        0x2 
 .text.decodeGyroscopeCalibrated
                0x080033a4       0x80 ./Core/Src/SH2_Src/sh2_SensorValue.o
 .text.decodeGyroscopeUncal
                0x08003424       0xe4 ./Core/Src/SH2_Src/sh2_SensorValue.o
 .text.decodeRawMagnetometer
                0x08003508       0x5c ./Core/Src/SH2_Src/sh2_SensorValue.o
 .text.decodeMagneticFieldCalibrated
                0x08003564       0x80 ./Core/Src/SH2_Src/sh2_SensorValue.o
 .text.decodeMagneticFieldUncal
                0x080035e4       0xe4 ./Core/Src/SH2_Src/sh2_SensorValue.o
 .text.decodeRotationVector
                0x080036c8       0xc8 ./Core/Src/SH2_Src/sh2_SensorValue.o
 .text.decodeGameRotationVector
                0x08003790       0xa0 ./Core/Src/SH2_Src/sh2_SensorValue.o
 .text.decodeGeomagneticRotationVector
                0x08003830       0xc8 ./Core/Src/SH2_Src/sh2_SensorValue.o
 .text.decodePressure
                0x080038f8       0x38 ./Core/Src/SH2_Src/sh2_SensorValue.o
 .text.decodeAmbientLight
                0x08003930       0x38 ./Core/Src/SH2_Src/sh2_SensorValue.o
 .text.decodeHumidity
                0x08003968       0x3c ./Core/Src/SH2_Src/sh2_SensorValue.o
 .text.decodeProximity
                0x080039a4       0x3c ./Core/Src/SH2_Src/sh2_SensorValue.o
 .text.decodeTemperature
                0x080039e0       0x3c ./Core/Src/SH2_Src/sh2_SensorValue.o
 .text.decodeReserved
                0x08003a1c       0x3c ./Core/Src/SH2_Src/sh2_SensorValue.o
 .text.decodeTapDetector
                0x08003a58       0x20 ./Core/Src/SH2_Src/sh2_SensorValue.o
 .text.decodeStepDetector
                0x08003a78       0x24 ./Core/Src/SH2_Src/sh2_SensorValue.o
 .text.decodeStepCounter
                0x08003a9c       0x36 ./Core/Src/SH2_Src/sh2_SensorValue.o
 .text.decodeSignificantMotion
                0x08003ad2       0x26 ./Core/Src/SH2_Src/sh2_SensorValue.o
 .text.decodeStabilityClassifier
                0x08003af8       0x20 ./Core/Src/SH2_Src/sh2_SensorValue.o
 .text.decodeShakeDetector
                0x08003b18       0x26 ./Core/Src/SH2_Src/sh2_SensorValue.o
 .text.decodeFlipDetector
                0x08003b3e       0x26 ./Core/Src/SH2_Src/sh2_SensorValue.o
 .text.decodePickupDetector
                0x08003b64       0x26 ./Core/Src/SH2_Src/sh2_SensorValue.o
 .text.decodeStabilityDetector
                0x08003b8a       0x26 ./Core/Src/SH2_Src/sh2_SensorValue.o
 .text.decodePersonalActivityClassifier
                0x08003bb0       0x66 ./Core/Src/SH2_Src/sh2_SensorValue.o
 .text.decodeSleepDetector
                0x08003c16       0x20 ./Core/Src/SH2_Src/sh2_SensorValue.o
 .text.decodeTiltDetector
                0x08003c36       0x26 ./Core/Src/SH2_Src/sh2_SensorValue.o
 .text.decodePocketDetector
                0x08003c5c       0x26 ./Core/Src/SH2_Src/sh2_SensorValue.o
 .text.decodeCircleDetector
                0x08003c82       0x26 ./Core/Src/SH2_Src/sh2_SensorValue.o
 .text.decodeHeartRateMonitor
                0x08003ca8       0x26 ./Core/Src/SH2_Src/sh2_SensorValue.o
 *fill*         0x08003cce        0x2 
 .text.decodeArvrStabilizedRV
                0x08003cd0       0xc8 ./Core/Src/SH2_Src/sh2_SensorValue.o
 .text.decodeArvrStabilizedGRV
                0x08003d98       0xa0 ./Core/Src/SH2_Src/sh2_SensorValue.o
 .text.decodeGyroIntegratedRV
                0x08003e38      0x10c ./Core/Src/SH2_Src/sh2_SensorValue.o
 .text.decodeIZroRequest
                0x08003f44       0x28 ./Core/Src/SH2_Src/sh2_SensorValue.o
 .text.readu8   0x08003f6c       0x1c ./Core/Src/SH2_Src/sh2_util.o
                0x08003f6c                readu8
 .text.readu16  0x08003f88       0x2c ./Core/Src/SH2_Src/sh2_util.o
                0x08003f88                readu16
 .text.readu32  0x08003fb4       0x3c ./Core/Src/SH2_Src/sh2_util.o
                0x08003fb4                readu32
 .text.read16   0x08003ff0       0x2c ./Core/Src/SH2_Src/sh2_util.o
                0x08003ff0                read16
 .text.read32   0x0800401c       0x3c ./Core/Src/SH2_Src/sh2_util.o
                0x0800401c                read32
 .text.shtp_init
                0x08004058       0x24 ./Core/Src/SH2_Src/shtp.o
 .text.getInstance
                0x0800407c       0x50 ./Core/Src/SH2_Src/shtp.o
 .text.addAdvertListener
                0x080040cc       0x68 ./Core/Src/SH2_Src/shtp.o
 .text.updateCallbacks
                0x08004134      0x12e ./Core/Src/SH2_Src/shtp.o
 .text.addChanListener
                0x08004262       0x7c ./Core/Src/SH2_Src/shtp.o
 .text.min_u16  0x080042de       0x2a ./Core/Src/SH2_Src/shtp.o
 .text.txProcess
                0x08004308      0x126 ./Core/Src/SH2_Src/shtp.o
 .text.shtpAdvertHdlr
                0x0800442e       0x44 ./Core/Src/SH2_Src/shtp.o
 .text.addApp   0x08004472       0x98 ./Core/Src/SH2_Src/shtp.o
 .text.setAppName
                0x0800450a       0x6c ./Core/Src/SH2_Src/shtp.o
 .text.addChannel
                0x08004576       0x6e ./Core/Src/SH2_Src/shtp.o
 .text.callAdvertHandler
                0x080045e4       0x94 ./Core/Src/SH2_Src/shtp.o
 .text.processAdvertisement
                0x08004678      0x26c ./Core/Src/SH2_Src/shtp.o
 .text.shtpCmdListener
                0x080048e4       0x46 ./Core/Src/SH2_Src/shtp.o
 .text.rxAssemble
                0x0800492a      0x22c ./Core/Src/SH2_Src/shtp.o
 *fill*         0x08004b56        0x2 
 .text.shtp_open
                0x08004b58       0xc0 ./Core/Src/SH2_Src/shtp.o
                0x08004b58                shtp_open
 .text.shtp_setEventCallback
                0x08004c18       0x28 ./Core/Src/SH2_Src/shtp.o
                0x08004c18                shtp_setEventCallback
 .text.shtp_listenChan
                0x08004c40       0x42 ./Core/Src/SH2_Src/shtp.o
                0x08004c40                shtp_listenChan
 .text.shtp_listenAdvert
                0x08004c82       0x3c ./Core/Src/SH2_Src/shtp.o
                0x08004c82                shtp_listenAdvert
 .text.shtp_chanNo
                0x08004cbe       0xcc ./Core/Src/SH2_Src/shtp.o
                0x08004cbe                shtp_chanNo
 .text.shtp_send
                0x08004d8a       0x5e ./Core/Src/SH2_Src/shtp.o
                0x08004d8a                shtp_send
 .text.shtp_service
                0x08004de8       0x80 ./Core/Src/SH2_Src/shtp.o
                0x08004de8                shtp_service
 .text.Reset_Handler
                0x08004e68       0x50 ./Core/Startup/startup_stm32g491keux.o
                0x08004e68                Reset_Handler
 .text.Default_Handler
                0x08004eb8        0x2 ./Core/Startup/startup_stm32g491keux.o
                0x08004eb8                RTC_Alarm_IRQHandler
                0x08004eb8                EXTI2_IRQHandler
                0x08004eb8                TIM8_TRG_COM_IRQHandler
                0x08004eb8                TIM8_CC_IRQHandler
                0x08004eb8                TIM1_CC_IRQHandler
                0x08004eb8                USB_HP_IRQHandler
                0x08004eb8                CORDIC_IRQHandler
                0x08004eb8                DMA2_Channel8_IRQHandler
                0x08004eb8                EXTI3_IRQHandler
                0x08004eb8                I2C3_ER_IRQHandler
                0x08004eb8                EXTI0_IRQHandler
                0x08004eb8                FPU_IRQHandler
                0x08004eb8                FDCAN1_IT1_IRQHandler
                0x08004eb8                TIM1_UP_TIM16_IRQHandler
                0x08004eb8                ADC1_2_IRQHandler
                0x08004eb8                SPI1_IRQHandler
                0x08004eb8                TIM6_DAC_IRQHandler
                0x08004eb8                TIM8_UP_IRQHandler
                0x08004eb8                DMA2_Channel2_IRQHandler
                0x08004eb8                DMA1_Channel4_IRQHandler
                0x08004eb8                TIM20_TRG_COM_IRQHandler
                0x08004eb8                USART3_IRQHandler
                0x08004eb8                DMA1_Channel7_IRQHandler
                0x08004eb8                UART5_IRQHandler
                0x08004eb8                ADC3_IRQHandler
                0x08004eb8                TIM4_IRQHandler
                0x08004eb8                DMA2_Channel1_IRQHandler
                0x08004eb8                QUADSPI_IRQHandler
                0x08004eb8                I2C1_EV_IRQHandler
                0x08004eb8                DMA1_Channel6_IRQHandler
                0x08004eb8                UART4_IRQHandler
                0x08004eb8                DMA2_Channel4_IRQHandler
                0x08004eb8                TIM3_IRQHandler
                0x08004eb8                RCC_IRQHandler
                0x08004eb8                TIM20_UP_IRQHandler
                0x08004eb8                DMA1_Channel1_IRQHandler
                0x08004eb8                Default_Handler
                0x08004eb8                DMA2_Channel7_IRQHandler
                0x08004eb8                RTC_TAMP_LSECSS_IRQHandler
                0x08004eb8                FMAC_IRQHandler
                0x08004eb8                EXTI15_10_IRQHandler
                0x08004eb8                DMA1_Channel8_IRQHandler
                0x08004eb8                TIM7_IRQHandler
                0x08004eb8                UCPD1_IRQHandler
                0x08004eb8                I2C3_EV_IRQHandler
                0x08004eb8                EXTI9_5_IRQHandler
                0x08004eb8                RTC_WKUP_IRQHandler
                0x08004eb8                PVD_PVM_IRQHandler
                0x08004eb8                SPI2_IRQHandler
                0x08004eb8                DMA2_Channel5_IRQHandler
                0x08004eb8                CRS_IRQHandler
                0x08004eb8                DMA1_Channel5_IRQHandler
                0x08004eb8                EXTI4_IRQHandler
                0x08004eb8                RNG_IRQHandler
                0x08004eb8                TIM1_TRG_COM_TIM17_IRQHandler
                0x08004eb8                FDCAN2_IT1_IRQHandler
                0x08004eb8                DMA1_Channel3_IRQHandler
                0x08004eb8                WWDG_IRQHandler
                0x08004eb8                FDCAN2_IT0_IRQHandler
                0x08004eb8                LPUART1_IRQHandler
                0x08004eb8                DMA2_Channel6_IRQHandler
                0x08004eb8                FDCAN1_IT0_IRQHandler
                0x08004eb8                TIM2_IRQHandler
                0x08004eb8                COMP1_2_3_IRQHandler
                0x08004eb8                EXTI1_IRQHandler
                0x08004eb8                USART2_IRQHandler
                0x08004eb8                TIM20_BRK_IRQHandler
                0x08004eb8                DMA1_Channel2_IRQHandler
                0x08004eb8                TIM8_BRK_IRQHandler
                0x08004eb8                FLASH_IRQHandler
                0x08004eb8                TIM20_CC_IRQHandler
                0x08004eb8                USART1_IRQHandler
                0x08004eb8                SPI3_IRQHandler
                0x08004eb8                I2C1_ER_IRQHandler
                0x08004eb8                LPTIM1_IRQHandler
                0x08004eb8                DMAMUX_OVR_IRQHandler
                0x08004eb8                USBWakeUp_IRQHandler
                0x08004eb8                SAI1_IRQHandler
                0x08004eb8                DMA2_Channel3_IRQHandler
                0x08004eb8                COMP4_IRQHandler
                0x08004eb8                TIM1_BRK_TIM15_IRQHandler
 .text.HAL_Init
                0x08004eba       0x30 ./Drivers/STM32G4xx_HAL_Driver/Src/stm32g4xx_hal.o
                0x08004eba                HAL_Init
 *fill*         0x08004eea        0x2 
 .text.HAL_InitTick
                0x08004eec       0x74 ./Drivers/STM32G4xx_HAL_Driver/Src/stm32g4xx_hal.o
                0x08004eec                HAL_InitTick
 .text.HAL_IncTick
                0x08004f60       0x24 ./Drivers/STM32G4xx_HAL_Driver/Src/stm32g4xx_hal.o
                0x08004f60                HAL_IncTick
 .text.HAL_GetTick
                0x08004f84       0x18 ./Drivers/STM32G4xx_HAL_Driver/Src/stm32g4xx_hal.o
                0x08004f84                HAL_GetTick
 .text.HAL_Delay
                0x08004f9c       0x44 ./Drivers/STM32G4xx_HAL_Driver/Src/stm32g4xx_hal.o
                0x08004f9c                HAL_Delay
 .text.__NVIC_SetPriorityGrouping
                0x08004fe0       0x48 ./Drivers/STM32G4xx_HAL_Driver/Src/stm32g4xx_hal_cortex.o
 .text.__NVIC_GetPriorityGrouping
                0x08005028       0x1c ./Drivers/STM32G4xx_HAL_Driver/Src/stm32g4xx_hal_cortex.o
 .text.__NVIC_EnableIRQ
                0x08005044       0x3c ./Drivers/STM32G4xx_HAL_Driver/Src/stm32g4xx_hal_cortex.o
 .text.__NVIC_SetPriority
                0x08005080       0x54 ./Drivers/STM32G4xx_HAL_Driver/Src/stm32g4xx_hal_cortex.o
 .text.NVIC_EncodePriority
                0x080050d4       0x66 ./Drivers/STM32G4xx_HAL_Driver/Src/stm32g4xx_hal_cortex.o
 *fill*         0x0800513a        0x2 
 .text.SysTick_Config
                0x0800513c       0x44 ./Drivers/STM32G4xx_HAL_Driver/Src/stm32g4xx_hal_cortex.o
 .text.HAL_NVIC_SetPriorityGrouping
                0x08005180       0x16 ./Drivers/STM32G4xx_HAL_Driver/Src/stm32g4xx_hal_cortex.o
                0x08005180                HAL_NVIC_SetPriorityGrouping
 .text.HAL_NVIC_SetPriority
                0x08005196       0x34 ./Drivers/STM32G4xx_HAL_Driver/Src/stm32g4xx_hal_cortex.o
                0x08005196                HAL_NVIC_SetPriority
 .text.HAL_NVIC_EnableIRQ
                0x080051ca       0x1c ./Drivers/STM32G4xx_HAL_Driver/Src/stm32g4xx_hal_cortex.o
                0x080051ca                HAL_NVIC_EnableIRQ
 .text.HAL_SYSTICK_Config
                0x080051e6       0x18 ./Drivers/STM32G4xx_HAL_Driver/Src/stm32g4xx_hal_cortex.o
                0x080051e6                HAL_SYSTICK_Config
 .text.HAL_DMA_Abort_IT
                0x080051fe       0xce ./Drivers/STM32G4xx_HAL_Driver/Src/stm32g4xx_hal_dma.o
                0x080051fe                HAL_DMA_Abort_IT
 .text.HAL_DMA_GetState
                0x080052cc       0x1c ./Drivers/STM32G4xx_HAL_Driver/Src/stm32g4xx_hal_dma.o
                0x080052cc                HAL_DMA_GetState
 .text.HAL_FDCAN_Init
                0x080052e8      0x2b4 ./Drivers/STM32G4xx_HAL_Driver/Src/stm32g4xx_hal_fdcan.o
                0x080052e8                HAL_FDCAN_Init
 .text.FDCAN_CalcultateRamBlockAddresses
                0x0800559c       0xc4 ./Drivers/STM32G4xx_HAL_Driver/Src/stm32g4xx_hal_fdcan.o
 .text.HAL_GPIO_Init
                0x08005660      0x304 ./Drivers/STM32G4xx_HAL_Driver/Src/stm32g4xx_hal_gpio.o
                0x08005660                HAL_GPIO_Init
 .text.HAL_GPIO_ReadPin
                0x08005964       0x30 ./Drivers/STM32G4xx_HAL_Driver/Src/stm32g4xx_hal_gpio.o
                0x08005964                HAL_GPIO_ReadPin
 .text.HAL_GPIO_WritePin
                0x08005994       0x30 ./Drivers/STM32G4xx_HAL_Driver/Src/stm32g4xx_hal_gpio.o
                0x08005994                HAL_GPIO_WritePin
 .text.HAL_I2C_Init
                0x080059c4      0x136 ./Drivers/STM32G4xx_HAL_Driver/Src/stm32g4xx_hal_i2c.o
                0x080059c4                HAL_I2C_Init
 .text.HAL_I2C_EV_IRQHandler
                0x08005afa       0x34 ./Drivers/STM32G4xx_HAL_Driver/Src/stm32g4xx_hal_i2c.o
                0x08005afa                HAL_I2C_EV_IRQHandler
 .text.HAL_I2C_ER_IRQHandler
                0x08005b2e       0xb6 ./Drivers/STM32G4xx_HAL_Driver/Src/stm32g4xx_hal_i2c.o
                0x08005b2e                HAL_I2C_ER_IRQHandler
 .text.HAL_I2C_SlaveTxCpltCallback
                0x08005be4       0x14 ./Drivers/STM32G4xx_HAL_Driver/Src/stm32g4xx_hal_i2c.o
                0x08005be4                HAL_I2C_SlaveTxCpltCallback
 .text.HAL_I2C_SlaveRxCpltCallback
                0x08005bf8       0x14 ./Drivers/STM32G4xx_HAL_Driver/Src/stm32g4xx_hal_i2c.o
                0x08005bf8                HAL_I2C_SlaveRxCpltCallback
 .text.HAL_I2C_AddrCallback
                0x08005c0c       0x1c ./Drivers/STM32G4xx_HAL_Driver/Src/stm32g4xx_hal_i2c.o
                0x08005c0c                HAL_I2C_AddrCallback
 .text.HAL_I2C_ListenCpltCallback
                0x08005c28       0x14 ./Drivers/STM32G4xx_HAL_Driver/Src/stm32g4xx_hal_i2c.o
                0x08005c28                HAL_I2C_ListenCpltCallback
 .text.HAL_I2C_ErrorCallback
                0x08005c3c       0x14 ./Drivers/STM32G4xx_HAL_Driver/Src/stm32g4xx_hal_i2c.o
                0x08005c3c                HAL_I2C_ErrorCallback
 .text.HAL_I2C_AbortCpltCallback
                0x08005c50       0x14 ./Drivers/STM32G4xx_HAL_Driver/Src/stm32g4xx_hal_i2c.o
                0x08005c50                HAL_I2C_AbortCpltCallback
 .text.I2C_Slave_ISR_IT
                0x08005c64      0x1f2 ./Drivers/STM32G4xx_HAL_Driver/Src/stm32g4xx_hal_i2c.o
 .text.I2C_ITAddrCplt
                0x08005e56      0x108 ./Drivers/STM32G4xx_HAL_Driver/Src/stm32g4xx_hal_i2c.o
 .text.I2C_ITSlaveSeqCplt
                0x08005f5e       0xb8 ./Drivers/STM32G4xx_HAL_Driver/Src/stm32g4xx_hal_i2c.o
 *fill*         0x08006016        0x2 
 .text.I2C_ITSlaveCplt
                0x08006018      0x2c8 ./Drivers/STM32G4xx_HAL_Driver/Src/stm32g4xx_hal_i2c.o
 .text.I2C_ITListenCplt
                0x080062e0       0xa8 ./Drivers/STM32G4xx_HAL_Driver/Src/stm32g4xx_hal_i2c.o
 .text.I2C_ITError
                0x08006388      0x1e0 ./Drivers/STM32G4xx_HAL_Driver/Src/stm32g4xx_hal_i2c.o
 .text.I2C_TreatErrorCallback
                0x08006568       0x4e ./Drivers/STM32G4xx_HAL_Driver/Src/stm32g4xx_hal_i2c.o
 .text.I2C_Flush_TXDR
                0x080065b6       0x48 ./Drivers/STM32G4xx_HAL_Driver/Src/stm32g4xx_hal_i2c.o
 .text.I2C_DMAAbort
                0x080065fe       0x3c ./Drivers/STM32G4xx_HAL_Driver/Src/stm32g4xx_hal_i2c.o
 .text.I2C_Disable_IRQ
                0x0800663a       0xbc ./Drivers/STM32G4xx_HAL_Driver/Src/stm32g4xx_hal_i2c.o
 .text.HAL_I2CEx_ConfigAnalogFilter
                0x080066f6       0x96 ./Drivers/STM32G4xx_HAL_Driver/Src/stm32g4xx_hal_i2c_ex.o
                0x080066f6                HAL_I2CEx_ConfigAnalogFilter
 .text.HAL_I2CEx_ConfigDigitalFilter
                0x0800678c       0x98 ./Drivers/STM32G4xx_HAL_Driver/Src/stm32g4xx_hal_i2c_ex.o
                0x0800678c                HAL_I2CEx_ConfigDigitalFilter
 .text.HAL_PCD_Init
                0x08006824      0x19c ./Drivers/STM32G4xx_HAL_Driver/Src/stm32g4xx_hal_pcd.o
                0x08006824                HAL_PCD_Init
 .text.HAL_PCD_Start
                0x080069c0       0x44 ./Drivers/STM32G4xx_HAL_Driver/Src/stm32g4xx_hal_pcd.o
                0x080069c0                HAL_PCD_Start
 .text.HAL_PCD_IRQHandler
                0x08006a04      0x24e ./Drivers/STM32G4xx_HAL_Driver/Src/stm32g4xx_hal_pcd.o
                0x08006a04                HAL_PCD_IRQHandler
 .text.HAL_PCD_SetAddress
                0x08006c52       0x48 ./Drivers/STM32G4xx_HAL_Driver/Src/stm32g4xx_hal_pcd.o
                0x08006c52                HAL_PCD_SetAddress
 .text.HAL_PCD_EP_Open
                0x08006c9a       0xbe ./Drivers/STM32G4xx_HAL_Driver/Src/stm32g4xx_hal_pcd.o
                0x08006c9a                HAL_PCD_EP_Open
 .text.HAL_PCD_EP_Close
                0x08006d58       0x90 ./Drivers/STM32G4xx_HAL_Driver/Src/stm32g4xx_hal_pcd.o
                0x08006d58                HAL_PCD_EP_Close
 .text.HAL_PCD_EP_Receive
                0x08006de8       0x62 ./Drivers/STM32G4xx_HAL_Driver/Src/stm32g4xx_hal_pcd.o
                0x08006de8                HAL_PCD_EP_Receive
 .text.HAL_PCD_EP_GetRxCount
                0x08006e4a       0x30 ./Drivers/STM32G4xx_HAL_Driver/Src/stm32g4xx_hal_pcd.o
                0x08006e4a                HAL_PCD_EP_GetRxCount
 .text.HAL_PCD_EP_Transmit
                0x08006e7a       0x6e ./Drivers/STM32G4xx_HAL_Driver/Src/stm32g4xx_hal_pcd.o
                0x08006e7a                HAL_PCD_EP_Transmit
 .text.HAL_PCD_EP_SetStall
                0x08006ee8       0xa4 ./Drivers/STM32G4xx_HAL_Driver/Src/stm32g4xx_hal_pcd.o
                0x08006ee8                HAL_PCD_EP_SetStall
 .text.HAL_PCD_EP_ClrStall
                0x08006f8c       0xa8 ./Drivers/STM32G4xx_HAL_Driver/Src/stm32g4xx_hal_pcd.o
                0x08006f8c                HAL_PCD_EP_ClrStall
 .text.PCD_EP_ISR_Handler
                0x08007034      0x68e ./Drivers/STM32G4xx_HAL_Driver/Src/stm32g4xx_hal_pcd.o
 .text.HAL_PCD_EP_DB_Receive
                0x080076c2      0x212 ./Drivers/STM32G4xx_HAL_Driver/Src/stm32g4xx_hal_pcd.o
 .text.HAL_PCD_EP_DB_Transmit
                0x080078d4      0x878 ./Drivers/STM32G4xx_HAL_Driver/Src/stm32g4xx_hal_pcd.o
 .text.HAL_PCDEx_PMAConfig
                0x0800814c       0x86 ./Drivers/STM32G4xx_HAL_Driver/Src/stm32g4xx_hal_pcd_ex.o
                0x0800814c                HAL_PCDEx_PMAConfig
 .text.HAL_PCDEx_ActivateLPM
                0x080081d2       0x54 ./Drivers/STM32G4xx_HAL_Driver/Src/stm32g4xx_hal_pcd_ex.o
                0x080081d2                HAL_PCDEx_ActivateLPM
 *fill*         0x08008226        0x2 
 .text.HAL_PWREx_ControlVoltageScaling
                0x08008228      0x148 ./Drivers/STM32G4xx_HAL_Driver/Src/stm32g4xx_hal_pwr_ex.o
                0x08008228                HAL_PWREx_ControlVoltageScaling
 .text.HAL_PWREx_DisableUCPDDeadBattery
                0x08008370       0x20 ./Drivers/STM32G4xx_HAL_Driver/Src/stm32g4xx_hal_pwr_ex.o
                0x08008370                HAL_PWREx_DisableUCPDDeadBattery
 .text.HAL_RCC_OscConfig
                0x08008390      0x624 ./Drivers/STM32G4xx_HAL_Driver/Src/stm32g4xx_hal_rcc.o
                0x08008390                HAL_RCC_OscConfig
 .text.HAL_RCC_ClockConfig
                0x080089b4      0x278 ./Drivers/STM32G4xx_HAL_Driver/Src/stm32g4xx_hal_rcc.o
                0x080089b4                HAL_RCC_ClockConfig
 .text.HAL_RCC_GetSysClockFreq
                0x08008c2c       0xc4 ./Drivers/STM32G4xx_HAL_Driver/Src/stm32g4xx_hal_rcc.o
                0x08008c2c                HAL_RCC_GetSysClockFreq
 .text.HAL_RCC_GetHCLKFreq
                0x08008cf0       0x18 ./Drivers/STM32G4xx_HAL_Driver/Src/stm32g4xx_hal_rcc.o
                0x08008cf0                HAL_RCC_GetHCLKFreq
 .text.HAL_RCC_GetPCLK1Freq
                0x08008d08       0x2c ./Drivers/STM32G4xx_HAL_Driver/Src/stm32g4xx_hal_rcc.o
                0x08008d08                HAL_RCC_GetPCLK1Freq
 .text.HAL_RCC_GetPCLK2Freq
                0x08008d34       0x2c ./Drivers/STM32G4xx_HAL_Driver/Src/stm32g4xx_hal_rcc.o
                0x08008d34                HAL_RCC_GetPCLK2Freq
 .text.RCC_GetSysClockFreqFromPLLSource
                0x08008d60       0x8c ./Drivers/STM32G4xx_HAL_Driver/Src/stm32g4xx_hal_rcc.o
 .text.HAL_RCCEx_PeriphCLKConfig
                0x08008dec      0x478 ./Drivers/STM32G4xx_HAL_Driver/Src/stm32g4xx_hal_rcc_ex.o
                0x08008dec                HAL_RCCEx_PeriphCLKConfig
 .text.HAL_SPI_Init
                0x08009264      0x156 ./Drivers/STM32G4xx_HAL_Driver/Src/stm32g4xx_hal_spi.o
                0x08009264                HAL_SPI_Init
 .text.HAL_SPI_Transmit
                0x080093ba      0x2ec ./Drivers/STM32G4xx_HAL_Driver/Src/stm32g4xx_hal_spi.o
                0x080093ba                HAL_SPI_Transmit
 .text.HAL_SPI_Receive
                0x080096a6      0x270 ./Drivers/STM32G4xx_HAL_Driver/Src/stm32g4xx_hal_spi.o
                0x080096a6                HAL_SPI_Receive
 .text.HAL_SPI_TransmitReceive
                0x08009916      0x43e ./Drivers/STM32G4xx_HAL_Driver/Src/stm32g4xx_hal_spi.o
                0x08009916                HAL_SPI_TransmitReceive
 .text.SPI_WaitFlagStateUntilTimeout
                0x08009d54      0x110 ./Drivers/STM32G4xx_HAL_Driver/Src/stm32g4xx_hal_spi.o
 .text.SPI_WaitFifoStateUntilTimeout
                0x08009e64      0x12c ./Drivers/STM32G4xx_HAL_Driver/Src/stm32g4xx_hal_spi.o
 .text.SPI_EndRxTransaction
                0x08009f90       0xb0 ./Drivers/STM32G4xx_HAL_Driver/Src/stm32g4xx_hal_spi.o
 .text.SPI_EndRxTxTransaction
                0x0800a040       0x8c ./Drivers/STM32G4xx_HAL_Driver/Src/stm32g4xx_hal_spi.o
 .text.HAL_UART_Init
                0x0800a0cc       0xa0 ./Drivers/STM32G4xx_HAL_Driver/Src/stm32g4xx_hal_uart.o
                0x0800a0cc                HAL_UART_Init
 .text.HAL_UART_Transmit
                0x0800a16c      0x11c ./Drivers/STM32G4xx_HAL_Driver/Src/stm32g4xx_hal_uart.o
                0x0800a16c                HAL_UART_Transmit
 .text.HAL_UART_Receive
                0x0800a288      0x190 ./Drivers/STM32G4xx_HAL_Driver/Src/stm32g4xx_hal_uart.o
                0x0800a288                HAL_UART_Receive
 .text.UART_SetConfig
                0x0800a418      0x5f8 ./Drivers/STM32G4xx_HAL_Driver/Src/stm32g4xx_hal_uart.o
                0x0800a418                UART_SetConfig
 .text.UART_AdvFeatureConfig
                0x0800aa10      0x144 ./Drivers/STM32G4xx_HAL_Driver/Src/stm32g4xx_hal_uart.o
                0x0800aa10                UART_AdvFeatureConfig
 .text.UART_CheckIdleState
                0x0800ab54      0x154 ./Drivers/STM32G4xx_HAL_Driver/Src/stm32g4xx_hal_uart.o
                0x0800ab54                UART_CheckIdleState
 .text.UART_WaitOnFlagUntilTimeout
                0x0800aca8       0xda ./Drivers/STM32G4xx_HAL_Driver/Src/stm32g4xx_hal_uart.o
                0x0800aca8                UART_WaitOnFlagUntilTimeout
 .text.UART_EndRxTransfer
                0x0800ad82       0xcc ./Drivers/STM32G4xx_HAL_Driver/Src/stm32g4xx_hal_uart.o
 .text.HAL_UARTEx_DisableFifoMode
                0x0800ae4e       0x72 ./Drivers/STM32G4xx_HAL_Driver/Src/stm32g4xx_hal_uart_ex.o
                0x0800ae4e                HAL_UARTEx_DisableFifoMode
 .text.HAL_UARTEx_SetTxFifoThreshold
                0x0800aec0       0x7c ./Drivers/STM32G4xx_HAL_Driver/Src/stm32g4xx_hal_uart_ex.o
                0x0800aec0                HAL_UARTEx_SetTxFifoThreshold
 .text.HAL_UARTEx_SetRxFifoThreshold
                0x0800af3c       0x7c ./Drivers/STM32G4xx_HAL_Driver/Src/stm32g4xx_hal_uart_ex.o
                0x0800af3c                HAL_UARTEx_SetRxFifoThreshold
 .text.UARTEx_SetNbDataToProcess
                0x0800afb8       0x9c ./Drivers/STM32G4xx_HAL_Driver/Src/stm32g4xx_hal_uart_ex.o
 .text.USB_EnableGlobalInt
                0x0800b054       0x2e ./Drivers/STM32G4xx_HAL_Driver/Src/stm32g4xx_ll_usb.o
                0x0800b054                USB_EnableGlobalInt
 .text.USB_DisableGlobalInt
                0x0800b082       0x36 ./Drivers/STM32G4xx_HAL_Driver/Src/stm32g4xx_ll_usb.o
                0x0800b082                USB_DisableGlobalInt
 .text.USB_DevInit
                0x0800b0b8       0x3c ./Drivers/STM32G4xx_HAL_Driver/Src/stm32g4xx_ll_usb.o
                0x0800b0b8                USB_DevInit
 .text.USB_ActivateEndpoint
                0x0800b0f4      0x9d0 ./Drivers/STM32G4xx_HAL_Driver/Src/stm32g4xx_ll_usb.o
                0x0800b0f4                USB_ActivateEndpoint
 .text.USB_DeactivateEndpoint
                0x0800bac4      0x3da ./Drivers/STM32G4xx_HAL_Driver/Src/stm32g4xx_ll_usb.o
                0x0800bac4                USB_DeactivateEndpoint
 .text.USB_EPStartXfer
                0x0800be9e      0xb5e ./Drivers/STM32G4xx_HAL_Driver/Src/stm32g4xx_ll_usb.o
                0x0800be9e                USB_EPStartXfer
 .text.USB_EPSetStall
                0x0800c9fc       0xa2 ./Drivers/STM32G4xx_HAL_Driver/Src/stm32g4xx_ll_usb.o
                0x0800c9fc                USB_EPSetStall
 .text.USB_EPClearStall
                0x0800ca9e      0x152 ./Drivers/STM32G4xx_HAL_Driver/Src/stm32g4xx_ll_usb.o
                0x0800ca9e                USB_EPClearStall
 .text.USB_SetDevAddress
                0x0800cbf0       0x28 ./Drivers/STM32G4xx_HAL_Driver/Src/stm32g4xx_ll_usb.o
                0x0800cbf0                USB_SetDevAddress
 .text.USB_DevConnect
                0x0800cc18       0x2e ./Drivers/STM32G4xx_HAL_Driver/Src/stm32g4xx_ll_usb.o
                0x0800cc18                USB_DevConnect
 .text.USB_ReadInterrupts
                0x0800cc46       0x20 ./Drivers/STM32G4xx_HAL_Driver/Src/stm32g4xx_ll_usb.o
                0x0800cc46                USB_ReadInterrupts
 .text.USB_WritePMA
                0x0800cc66       0x84 ./Drivers/STM32G4xx_HAL_Driver/Src/stm32g4xx_ll_usb.o
                0x0800cc66                USB_WritePMA
 .text.USB_ReadPMA
                0x0800ccea       0x98 ./Drivers/STM32G4xx_HAL_Driver/Src/stm32g4xx_ll_usb.o
                0x0800ccea                USB_ReadPMA
 .text.USBD_CDC_Init
                0x0800cd82       0xfe ./Middlewares/ST/STM32_USB_Device_Library/Class/CDC/Src/usbd_cdc.o
 .text.USBD_CDC_DeInit
                0x0800ce80       0x74 ./Middlewares/ST/STM32_USB_Device_Library/Class/CDC/Src/usbd_cdc.o
 .text.USBD_CDC_Setup
                0x0800cef4      0x190 ./Middlewares/ST/STM32_USB_Device_Library/Class/CDC/Src/usbd_cdc.o
 .text.USBD_CDC_DataIn
                0x0800d084       0xca ./Middlewares/ST/STM32_USB_Device_Library/Class/CDC/Src/usbd_cdc.o
 .text.USBD_CDC_DataOut
                0x0800d14e       0x56 ./Middlewares/ST/STM32_USB_Device_Library/Class/CDC/Src/usbd_cdc.o
 .text.USBD_CDC_EP0_RxReady
                0x0800d1a4       0x58 ./Middlewares/ST/STM32_USB_Device_Library/Class/CDC/Src/usbd_cdc.o
 .text.USBD_CDC_GetFSCfgDesc
                0x0800d1fc       0x20 ./Middlewares/ST/STM32_USB_Device_Library/Class/CDC/Src/usbd_cdc.o
 .text.USBD_CDC_GetHSCfgDesc
                0x0800d21c       0x20 ./Middlewares/ST/STM32_USB_Device_Library/Class/CDC/Src/usbd_cdc.o
 .text.USBD_CDC_GetOtherSpeedCfgDesc
                0x0800d23c       0x20 ./Middlewares/ST/STM32_USB_Device_Library/Class/CDC/Src/usbd_cdc.o
 .text.USBD_CDC_GetDeviceQualifierDescriptor
                0x0800d25c       0x20 ./Middlewares/ST/STM32_USB_Device_Library/Class/CDC/Src/usbd_cdc.o
                0x0800d25c                USBD_CDC_GetDeviceQualifierDescriptor
 .text.USBD_CDC_RegisterInterface
                0x0800d27c       0x2a ./Middlewares/ST/STM32_USB_Device_Library/Class/CDC/Src/usbd_cdc.o
                0x0800d27c                USBD_CDC_RegisterInterface
 .text.USBD_CDC_SetTxBuffer
                0x0800d2a6       0x3c ./Middlewares/ST/STM32_USB_Device_Library/Class/CDC/Src/usbd_cdc.o
                0x0800d2a6                USBD_CDC_SetTxBuffer
 .text.USBD_CDC_SetRxBuffer
                0x0800d2e2       0x32 ./Middlewares/ST/STM32_USB_Device_Library/Class/CDC/Src/usbd_cdc.o
                0x0800d2e2                USBD_CDC_SetRxBuffer
 .text.USBD_CDC_ReceivePacket
                0x0800d314       0x54 ./Middlewares/ST/STM32_USB_Device_Library/Class/CDC/Src/usbd_cdc.o
                0x0800d314                USBD_CDC_ReceivePacket
 .text.USBD_Init
                0x0800d368       0x60 ./Middlewares/ST/STM32_USB_Device_Library/Core/Src/usbd_core.o
                0x0800d368                USBD_Init
 .text.USBD_RegisterClass
                0x0800d3c8       0x4e ./Middlewares/ST/STM32_USB_Device_Library/Core/Src/usbd_core.o
                0x0800d3c8                USBD_RegisterClass
 .text.USBD_Start
                0x0800d416       0x18 ./Middlewares/ST/STM32_USB_Device_Library/Core/Src/usbd_core.o
                0x0800d416                USBD_Start
 .text.USBD_RunTestMode
                0x0800d42e       0x16 ./Middlewares/ST/STM32_USB_Device_Library/Core/Src/usbd_core.o
                0x0800d42e                USBD_RunTestMode
 .text.USBD_SetClassConfig
                0x0800d444       0x38 ./Middlewares/ST/STM32_USB_Device_Library/Core/Src/usbd_core.o
                0x0800d444                USBD_SetClassConfig
 .text.USBD_ClrClassConfig
                0x0800d47c       0x30 ./Middlewares/ST/STM32_USB_Device_Library/Core/Src/usbd_core.o
                0x0800d47c                USBD_ClrClassConfig
 .text.USBD_LL_SetupStage
                0x0800d4ac       0xaa ./Middlewares/ST/STM32_USB_Device_Library/Core/Src/usbd_core.o
                0x0800d4ac                USBD_LL_SetupStage
 .text.USBD_LL_DataOutStage
                0x0800d556       0xc6 ./Middlewares/ST/STM32_USB_Device_Library/Core/Src/usbd_core.o
                0x0800d556                USBD_LL_DataOutStage
 .text.USBD_LL_DataInStage
                0x0800d61c      0x12c ./Middlewares/ST/STM32_USB_Device_Library/Core/Src/usbd_core.o
                0x0800d61c                USBD_LL_DataInStage
 .text.USBD_LL_Reset
                0x0800d748       0x9c ./Middlewares/ST/STM32_USB_Device_Library/Core/Src/usbd_core.o
                0x0800d748                USBD_LL_Reset
 .text.USBD_LL_SetSpeed
                0x0800d7e4       0x20 ./Middlewares/ST/STM32_USB_Device_Library/Core/Src/usbd_core.o
                0x0800d7e4                USBD_LL_SetSpeed
 .text.USBD_LL_Suspend
                0x0800d804       0x2c ./Middlewares/ST/STM32_USB_Device_Library/Core/Src/usbd_core.o
                0x0800d804                USBD_LL_Suspend
 .text.USBD_LL_Resume
                0x0800d830       0x30 ./Middlewares/ST/STM32_USB_Device_Library/Core/Src/usbd_core.o
                0x0800d830                USBD_LL_Resume
 .text.USBD_LL_SOF
                0x0800d860       0x44 ./Middlewares/ST/STM32_USB_Device_Library/Core/Src/usbd_core.o
                0x0800d860                USBD_LL_SOF
 .text.SWAPBYTE
                0x0800d8a4       0x3c ./Middlewares/ST/STM32_USB_Device_Library/Core/Src/usbd_ctlreq.o
 .text.USBD_StdDevReq
                0x0800d8e0       0xdc ./Middlewares/ST/STM32_USB_Device_Library/Core/Src/usbd_ctlreq.o
                0x0800d8e0                USBD_StdDevReq
 .text.USBD_StdItfReq
                0x0800d9bc       0x92 ./Middlewares/ST/STM32_USB_Device_Library/Core/Src/usbd_ctlreq.o
                0x0800d9bc                USBD_StdItfReq
 .text.USBD_StdEPReq
                0x0800da4e      0x2c4 ./Middlewares/ST/STM32_USB_Device_Library/Core/Src/usbd_ctlreq.o
                0x0800da4e                USBD_StdEPReq
 *fill*         0x0800dd12        0x2 
 .text.USBD_GetDescriptor
                0x0800dd14      0x328 ./Middlewares/ST/STM32_USB_Device_Library/Core/Src/usbd_ctlreq.o
 .text.USBD_SetAddress
                0x0800e03c       0x88 ./Middlewares/ST/STM32_USB_Device_Library/Core/Src/usbd_ctlreq.o
 .text.USBD_SetConfig
                0x0800e0c4      0x14c ./Middlewares/ST/STM32_USB_Device_Library/Core/Src/usbd_ctlreq.o
 .text.USBD_GetConfig
                0x0800e210       0x6c ./Middlewares/ST/STM32_USB_Device_Library/Core/Src/usbd_ctlreq.o
 .text.USBD_GetStatus
                0x0800e27c       0x68 ./Middlewares/ST/STM32_USB_Device_Library/Core/Src/usbd_ctlreq.o
 .text.USBD_SetFeature
                0x0800e2e4       0x28 ./Middlewares/ST/STM32_USB_Device_Library/Core/Src/usbd_ctlreq.o
 .text.USBD_ClrFeature
                0x0800e30c       0x44 ./Middlewares/ST/STM32_USB_Device_Library/Core/Src/usbd_ctlreq.o
 .text.USBD_ParseSetupRequest
                0x0800e350       0x74 ./Middlewares/ST/STM32_USB_Device_Library/Core/Src/usbd_ctlreq.o
                0x0800e350                USBD_ParseSetupRequest
 .text.USBD_CtlError
                0x0800e3c4       0x22 ./Middlewares/ST/STM32_USB_Device_Library/Core/Src/usbd_ctlreq.o
                0x0800e3c4                USBD_CtlError
 .text.USBD_GetString
                0x0800e3e6       0x8c ./Middlewares/ST/STM32_USB_Device_Library/Core/Src/usbd_ctlreq.o
                0x0800e3e6                USBD_GetString
 .text.USBD_GetLen
                0x0800e472       0x34 ./Middlewares/ST/STM32_USB_Device_Library/Core/Src/usbd_ctlreq.o
 .text.USBD_CtlSendData
                0x0800e4a6       0x36 ./Middlewares/ST/STM32_USB_Device_Library/Core/Src/usbd_ioreq.o
                0x0800e4a6                USBD_CtlSendData
 .text.USBD_CtlContinueSendData
                0x0800e4dc       0x22 ./Middlewares/ST/STM32_USB_Device_Library/Core/Src/usbd_ioreq.o
                0x0800e4dc                USBD_CtlContinueSendData
 .text.USBD_CtlPrepareRx
                0x0800e4fe       0x3a ./Middlewares/ST/STM32_USB_Device_Library/Core/Src/usbd_ioreq.o
                0x0800e4fe                USBD_CtlPrepareRx
 .text.USBD_CtlContinueRx
                0x0800e538       0x22 ./Middlewares/ST/STM32_USB_Device_Library/Core/Src/usbd_ioreq.o
                0x0800e538                USBD_CtlContinueRx
 .text.USBD_CtlSendStatus
                0x0800e55a       0x26 ./Middlewares/ST/STM32_USB_Device_Library/Core/Src/usbd_ioreq.o
                0x0800e55a                USBD_CtlSendStatus
 .text.USBD_CtlReceiveStatus
                0x0800e580       0x26 ./Middlewares/ST/STM32_USB_Device_Library/Core/Src/usbd_ioreq.o
                0x0800e580                USBD_CtlReceiveStatus
 *fill*         0x0800e5a6        0x2 
 .text.MX_USB_Device_Init
                0x0800e5a8       0x60 ./USB_Device/App/usb_device.o
                0x0800e5a8                MX_USB_Device_Init
 .text.CDC_Init_FS
                0x0800e608       0x28 ./USB_Device/App/usbd_cdc_if.o
 .text.CDC_DeInit_FS
                0x0800e630       0x10 ./USB_Device/App/usbd_cdc_if.o
 .text.CDC_Control_FS
                0x0800e640       0xbc ./USB_Device/App/usbd_cdc_if.o
 .text.CDC_Receive_FS
                0x0800e6fc       0x28 ./USB_Device/App/usbd_cdc_if.o
 .text.CDC_TransmitCplt_FS
                0x0800e724       0x22 ./USB_Device/App/usbd_cdc_if.o
 *fill*         0x0800e746        0x2 
 .text.USBD_CDC_DeviceDescriptor
                0x0800e748       0x24 ./USB_Device/App/usbd_desc.o
                0x0800e748                USBD_CDC_DeviceDescriptor
 .text.USBD_CDC_LangIDStrDescriptor
                0x0800e76c       0x24 ./USB_Device/App/usbd_desc.o
                0x0800e76c                USBD_CDC_LangIDStrDescriptor
 .text.USBD_CDC_ProductStrDescriptor
                0x0800e790       0x3c ./USB_Device/App/usbd_desc.o
                0x0800e790                USBD_CDC_ProductStrDescriptor
 .text.USBD_CDC_ManufacturerStrDescriptor
                0x0800e7cc       0x28 ./USB_Device/App/usbd_desc.o
                0x0800e7cc                USBD_CDC_ManufacturerStrDescriptor
 .text.USBD_CDC_SerialStrDescriptor
                0x0800e7f4       0x24 ./USB_Device/App/usbd_desc.o
                0x0800e7f4                USBD_CDC_SerialStrDescriptor
 .text.USBD_CDC_ConfigStrDescriptor
                0x0800e818       0x3c ./USB_Device/App/usbd_desc.o
                0x0800e818                USBD_CDC_ConfigStrDescriptor
 .text.USBD_CDC_InterfaceStrDescriptor
                0x0800e854       0x3c ./USB_Device/App/usbd_desc.o
                0x0800e854                USBD_CDC_InterfaceStrDescriptor
 .text.Get_SerialNum
                0x0800e890       0x58 ./USB_Device/App/usbd_desc.o
 .text.IntToUnicode
                0x0800e8e8       0x7e ./USB_Device/App/usbd_desc.o
 *fill*         0x0800e966        0x2 
 .text.HAL_PCD_MspInit
                0x0800e968       0x78 ./USB_Device/Target/usbd_conf.o
                0x0800e968                HAL_PCD_MspInit
 .text.HAL_PCD_SetupStageCallback
                0x0800e9e0       0x24 ./USB_Device/Target/usbd_conf.o
                0x0800e9e0                HAL_PCD_SetupStageCallback
 .text.HAL_PCD_DataOutStageCallback
                0x0800ea04       0x36 ./USB_Device/Target/usbd_conf.o
                0x0800ea04                HAL_PCD_DataOutStageCallback
 .text.HAL_PCD_DataInStageCallback
                0x0800ea3a       0x34 ./USB_Device/Target/usbd_conf.o
                0x0800ea3a                HAL_PCD_DataInStageCallback
 .text.HAL_PCD_SOFCallback
                0x0800ea6e       0x1c ./USB_Device/Target/usbd_conf.o
                0x0800ea6e                HAL_PCD_SOFCallback
 .text.HAL_PCD_ResetCallback
                0x0800ea8a       0x3c ./USB_Device/Target/usbd_conf.o
                0x0800ea8a                HAL_PCD_ResetCallback
 *fill*         0x0800eac6        0x2 
 .text.HAL_PCD_SuspendCallback
                0x0800eac8       0x34 ./USB_Device/Target/usbd_conf.o
                0x0800eac8                HAL_PCD_SuspendCallback
 .text.HAL_PCD_ResumeCallback
                0x0800eafc       0x38 ./USB_Device/Target/usbd_conf.o
                0x0800eafc                HAL_PCD_ResumeCallback
 .text.USBD_LL_Init
                0x0800eb34       0xc0 ./USB_Device/Target/usbd_conf.o
                0x0800eb34                USBD_LL_Init
 .text.USBD_LL_Start
                0x0800ebf4       0x36 ./USB_Device/Target/usbd_conf.o
                0x0800ebf4                USBD_LL_Start
 .text.USBD_LL_OpenEP
                0x0800ec2a       0x4c ./USB_Device/Target/usbd_conf.o
                0x0800ec2a                USBD_LL_OpenEP
 .text.USBD_LL_CloseEP
                0x0800ec76       0x3e ./USB_Device/Target/usbd_conf.o
                0x0800ec76                USBD_LL_CloseEP
 .text.USBD_LL_StallEP
                0x0800ecb4       0x3e ./USB_Device/Target/usbd_conf.o
                0x0800ecb4                USBD_LL_StallEP
 .text.USBD_LL_ClearStallEP
                0x0800ecf2       0x3e ./USB_Device/Target/usbd_conf.o
                0x0800ecf2                USBD_LL_ClearStallEP
 .text.USBD_LL_IsStallEP
                0x0800ed30       0x58 ./USB_Device/Target/usbd_conf.o
                0x0800ed30                USBD_LL_IsStallEP
 .text.USBD_LL_SetUSBAddress
                0x0800ed88       0x3e ./USB_Device/Target/usbd_conf.o
                0x0800ed88                USBD_LL_SetUSBAddress
 .text.USBD_LL_Transmit
                0x0800edc6       0x42 ./USB_Device/Target/usbd_conf.o
                0x0800edc6                USBD_LL_Transmit
 .text.USBD_LL_PrepareReceive
                0x0800ee08       0x42 ./USB_Device/Target/usbd_conf.o
                0x0800ee08                USBD_LL_PrepareReceive
 .text.USBD_LL_GetRxDataSize
                0x0800ee4a       0x26 ./USB_Device/Target/usbd_conf.o
                0x0800ee4a                USBD_LL_GetRxDataSize
 .text.HAL_PCDEx_LPM_Callback
                0x0800ee70       0x6c ./USB_Device/Target/usbd_conf.o
                0x0800ee70                HAL_PCDEx_LPM_Callback
 .text.USBD_static_malloc
                0x0800eedc       0x1c ./USB_Device/Target/usbd_conf.o
                0x0800eedc                USBD_static_malloc
 .text.USBD_static_free
                0x0800eef8       0x14 ./USB_Device/Target/usbd_conf.o
                0x0800eef8                USBD_static_free
 .text.SystemClockConfig_Resume
                0x0800ef0c        0xc ./USB_Device/Target/usbd_conf.o
 .text.USBD_Get_USB_Status
                0x0800ef18       0x58 ./USB_Device/Target/usbd_conf.o
 .text.__cvt    0x0800ef70       0xca C:/ST/STM32CubeIDE_1.16.0/STM32CubeIDE/plugins/com.st.stm32cube.ide.mcu.externaltools.gnu-tools-for-stm32.12.3.rel1.win32_1.0.200.202406191623/tools/bin/../lib/gcc/arm-none-eabi/12.3.1/../../../../arm-none-eabi/lib/thumb/v7e-m+fp/hard\libc_nano.a(libc_a-nano-vfprintf_float.o)
                0x0800ef70                __cvt
 .text.__exponent
                0x0800f03a       0x74 C:/ST/STM32CubeIDE_1.16.0/STM32CubeIDE/plugins/com.st.stm32cube.ide.mcu.externaltools.gnu-tools-for-stm32.12.3.rel1.win32_1.0.200.202406191623/tools/bin/../lib/gcc/arm-none-eabi/12.3.1/../../../../arm-none-eabi/lib/thumb/v7e-m+fp/hard\libc_nano.a(libc_a-nano-vfprintf_float.o)
                0x0800f03a                __exponent
 *fill*         0x0800f0ae        0x2 
 .text._printf_float
                0x0800f0b0      0x454 C:/ST/STM32CubeIDE_1.16.0/STM32CubeIDE/plugins/com.st.stm32cube.ide.mcu.externaltools.gnu-tools-for-stm32.12.3.rel1.win32_1.0.200.202406191623/tools/bin/../lib/gcc/arm-none-eabi/12.3.1/../../../../arm-none-eabi/lib/thumb/v7e-m+fp/hard\libc_nano.a(libc_a-nano-vfprintf_float.o)
                0x0800f0b0                _printf_float
 .text._printf_common
                0x0800f504       0xda C:/ST/STM32CubeIDE_1.16.0/STM32CubeIDE/plugins/com.st.stm32cube.ide.mcu.externaltools.gnu-tools-for-stm32.12.3.rel1.win32_1.0.200.202406191623/tools/bin/../lib/gcc/arm-none-eabi/12.3.1/../../../../arm-none-eabi/lib/thumb/v7e-m+fp/hard\libc_nano.a(libc_a-nano-vfprintf_i.o)
                0x0800f504                _printf_common
 *fill*         0x0800f5de        0x2 
 .text._printf_i
                0x0800f5e0      0x240 C:/ST/STM32CubeIDE_1.16.0/STM32CubeIDE/plugins/com.st.stm32cube.ide.mcu.externaltools.gnu-tools-for-stm32.12.3.rel1.win32_1.0.200.202406191623/tools/bin/../lib/gcc/arm-none-eabi/12.3.1/../../../../arm-none-eabi/lib/thumb/v7e-m+fp/hard\libc_nano.a(libc_a-nano-vfprintf_i.o)
                0x0800f5e0                _printf_i
 .text._scanf_float
                0x0800f820      0x428 C:/ST/STM32CubeIDE_1.16.0/STM32CubeIDE/plugins/com.st.stm32cube.ide.mcu.externaltools.gnu-tools-for-stm32.12.3.rel1.win32_1.0.200.202406191623/tools/bin/../lib/gcc/arm-none-eabi/12.3.1/../../../../arm-none-eabi/lib/thumb/v7e-m+fp/hard\libc_nano.a(libc_a-nano-vfscanf_float.o)
                0x0800f820                _scanf_float
 .text.std      0x0800fc48       0x6c C:/ST/STM32CubeIDE_1.16.0/STM32CubeIDE/plugins/com.st.stm32cube.ide.mcu.externaltools.gnu-tools-for-stm32.12.3.rel1.win32_1.0.200.202406191623/tools/bin/../lib/gcc/arm-none-eabi/12.3.1/../../../../arm-none-eabi/lib/thumb/v7e-m+fp/hard\libc_nano.a(libc_a-findfp.o)
 .text.stdio_exit_handler
                0x0800fcb4       0x18 C:/ST/STM32CubeIDE_1.16.0/STM32CubeIDE/plugins/com.st.stm32cube.ide.mcu.externaltools.gnu-tools-for-stm32.12.3.rel1.win32_1.0.200.202406191623/tools/bin/../lib/gcc/arm-none-eabi/12.3.1/../../../../arm-none-eabi/lib/thumb/v7e-m+fp/hard\libc_nano.a(libc_a-findfp.o)
 .text.cleanup_stdio
                0x0800fccc       0x40 C:/ST/STM32CubeIDE_1.16.0/STM32CubeIDE/plugins/com.st.stm32cube.ide.mcu.externaltools.gnu-tools-for-stm32.12.3.rel1.win32_1.0.200.202406191623/tools/bin/../lib/gcc/arm-none-eabi/12.3.1/../../../../arm-none-eabi/lib/thumb/v7e-m+fp/hard\libc_nano.a(libc_a-findfp.o)
 .text.global_stdio_init.part.0
                0x0800fd0c       0x3c C:/ST/STM32CubeIDE_1.16.0/STM32CubeIDE/plugins/com.st.stm32cube.ide.mcu.externaltools.gnu-tools-for-stm32.12.3.rel1.win32_1.0.200.202406191623/tools/bin/../lib/gcc/arm-none-eabi/12.3.1/../../../../arm-none-eabi/lib/thumb/v7e-m+fp/hard\libc_nano.a(libc_a-findfp.o)
 .text.__sfp_lock_acquire
                0x0800fd48        0xc C:/ST/STM32CubeIDE_1.16.0/STM32CubeIDE/plugins/com.st.stm32cube.ide.mcu.externaltools.gnu-tools-for-stm32.12.3.rel1.win32_1.0.200.202406191623/tools/bin/../lib/gcc/arm-none-eabi/12.3.1/../../../../arm-none-eabi/lib/thumb/v7e-m+fp/hard\libc_nano.a(libc_a-findfp.o)
                0x0800fd48                __sfp_lock_acquire
 .text.__sfp_lock_release
                0x0800fd54        0xc C:/ST/STM32CubeIDE_1.16.0/STM32CubeIDE/plugins/com.st.stm32cube.ide.mcu.externaltools.gnu-tools-for-stm32.12.3.rel1.win32_1.0.200.202406191623/tools/bin/../lib/gcc/arm-none-eabi/12.3.1/../../../../arm-none-eabi/lib/thumb/v7e-m+fp/hard\libc_nano.a(libc_a-findfp.o)
                0x0800fd54                __sfp_lock_release
 .text.__sinit  0x0800fd60       0x30 C:/ST/STM32CubeIDE_1.16.0/STM32CubeIDE/plugins/com.st.stm32cube.ide.mcu.externaltools.gnu-tools-for-stm32.12.3.rel1.win32_1.0.200.202406191623/tools/bin/../lib/gcc/arm-none-eabi/12.3.1/../../../../arm-none-eabi/lib/thumb/v7e-m+fp/hard\libc_nano.a(libc_a-findfp.o)
                0x0800fd60                __sinit
 .text._fwalk_sglue
                0x0800fd90       0x3c C:/ST/STM32CubeIDE_1.16.0/STM32CubeIDE/plugins/com.st.stm32cube.ide.mcu.externaltools.gnu-tools-for-stm32.12.3.rel1.win32_1.0.200.202406191623/tools/bin/../lib/gcc/arm-none-eabi/12.3.1/../../../../arm-none-eabi/lib/thumb/v7e-m+fp/hard\libc_nano.a(libc_a-fwalk.o)
                0x0800fd90                _fwalk_sglue
 .text.printf   0x0800fdcc       0x24 C:/ST/STM32CubeIDE_1.16.0/STM32CubeIDE/plugins/com.st.stm32cube.ide.mcu.externaltools.gnu-tools-for-stm32.12.3.rel1.win32_1.0.200.202406191623/tools/bin/../lib/gcc/arm-none-eabi/12.3.1/../../../../arm-none-eabi/lib/thumb/v7e-m+fp/hard\libc_nano.a(libc_a-printf.o)
                0x0800fdcc                iprintf
                0x0800fdcc                printf
 .text._puts_r  0x0800fdf0       0xaa C:/ST/STM32CubeIDE_1.16.0/STM32CubeIDE/plugins/com.st.stm32cube.ide.mcu.externaltools.gnu-tools-for-stm32.12.3.rel1.win32_1.0.200.202406191623/tools/bin/../lib/gcc/arm-none-eabi/12.3.1/../../../../arm-none-eabi/lib/thumb/v7e-m+fp/hard\libc_nano.a(libc_a-puts.o)
                0x0800fdf0                _puts_r
 *fill*         0x0800fe9a        0x2 
 .text.puts     0x0800fe9c       0x10 C:/ST/STM32CubeIDE_1.16.0/STM32CubeIDE/plugins/com.st.stm32cube.ide.mcu.externaltools.gnu-tools-for-stm32.12.3.rel1.win32_1.0.200.202406191623/tools/bin/../lib/gcc/arm-none-eabi/12.3.1/../../../../arm-none-eabi/lib/thumb/v7e-m+fp/hard\libc_nano.a(libc_a-puts.o)
                0x0800fe9c                puts
 .text.sprintf  0x0800feac       0x40 C:/ST/STM32CubeIDE_1.16.0/STM32CubeIDE/plugins/com.st.stm32cube.ide.mcu.externaltools.gnu-tools-for-stm32.12.3.rel1.win32_1.0.200.202406191623/tools/bin/../lib/gcc/arm-none-eabi/12.3.1/../../../../arm-none-eabi/lib/thumb/v7e-m+fp/hard\libc_nano.a(libc_a-sprintf.o)
                0x0800feac                siprintf
                0x0800feac                sprintf
 .text.__sread  0x0800feec       0x22 C:/ST/STM32CubeIDE_1.16.0/STM32CubeIDE/plugins/com.st.stm32cube.ide.mcu.externaltools.gnu-tools-for-stm32.12.3.rel1.win32_1.0.200.202406191623/tools/bin/../lib/gcc/arm-none-eabi/12.3.1/../../../../arm-none-eabi/lib/thumb/v7e-m+fp/hard\libc_nano.a(libc_a-stdio.o)
                0x0800feec                __sread
 .text.__swrite
                0x0800ff0e       0x38 C:/ST/STM32CubeIDE_1.16.0/STM32CubeIDE/plugins/com.st.stm32cube.ide.mcu.externaltools.gnu-tools-for-stm32.12.3.rel1.win32_1.0.200.202406191623/tools/bin/../lib/gcc/arm-none-eabi/12.3.1/../../../../arm-none-eabi/lib/thumb/v7e-m+fp/hard\libc_nano.a(libc_a-stdio.o)
                0x0800ff0e                __swrite
 .text.__sseek  0x0800ff46       0x24 C:/ST/STM32CubeIDE_1.16.0/STM32CubeIDE/plugins/com.st.stm32cube.ide.mcu.externaltools.gnu-tools-for-stm32.12.3.rel1.win32_1.0.200.202406191623/tools/bin/../lib/gcc/arm-none-eabi/12.3.1/../../../../arm-none-eabi/lib/thumb/v7e-m+fp/hard\libc_nano.a(libc_a-stdio.o)
                0x0800ff46                __sseek
 .text.__sclose
                0x0800ff6a        0x8 C:/ST/STM32CubeIDE_1.16.0/STM32CubeIDE/plugins/com.st.stm32cube.ide.mcu.externaltools.gnu-tools-for-stm32.12.3.rel1.win32_1.0.200.202406191623/tools/bin/../lib/gcc/arm-none-eabi/12.3.1/../../../../arm-none-eabi/lib/thumb/v7e-m+fp/hard\libc_nano.a(libc_a-stdio.o)
                0x0800ff6a                __sclose
 .text.__swbuf_r
                0x0800ff72       0x7c C:/ST/STM32CubeIDE_1.16.0/STM32CubeIDE/plugins/com.st.stm32cube.ide.mcu.externaltools.gnu-tools-for-stm32.12.3.rel1.win32_1.0.200.202406191623/tools/bin/../lib/gcc/arm-none-eabi/12.3.1/../../../../arm-none-eabi/lib/thumb/v7e-m+fp/hard\libc_nano.a(libc_a-wbuf.o)
                0x0800ff72                __swbuf_r
 *fill*         0x0800ffee        0x2 
 .text.__swsetup_r
                0x0800fff0       0xac C:/ST/STM32CubeIDE_1.16.0/STM32CubeIDE/plugins/com.st.stm32cube.ide.mcu.externaltools.gnu-tools-for-stm32.12.3.rel1.win32_1.0.200.202406191623/tools/bin/../lib/gcc/arm-none-eabi/12.3.1/../../../../arm-none-eabi/lib/thumb/v7e-m+fp/hard\libc_nano.a(libc_a-wsetup.o)
                0x0800fff0                __swsetup_r
 .text.memset   0x0801009c       0x10 C:/ST/STM32CubeIDE_1.16.0/STM32CubeIDE/plugins/com.st.stm32cube.ide.mcu.externaltools.gnu-tools-for-stm32.12.3.rel1.win32_1.0.200.202406191623/tools/bin/../lib/gcc/arm-none-eabi/12.3.1/../../../../arm-none-eabi/lib/thumb/v7e-m+fp/hard\libc_nano.a(libc_a-memset.o)
                0x0801009c                memset
 .text._localeconv_r
                0x080100ac        0x8 C:/ST/STM32CubeIDE_1.16.0/STM32CubeIDE/plugins/com.st.stm32cube.ide.mcu.externaltools.gnu-tools-for-stm32.12.3.rel1.win32_1.0.200.202406191623/tools/bin/../lib/gcc/arm-none-eabi/12.3.1/../../../../arm-none-eabi/lib/thumb/v7e-m+fp/hard\libc_nano.a(libc_a-localeconv.o)
                0x080100ac                _localeconv_r
 .text._close_r
                0x080100b4       0x20 C:/ST/STM32CubeIDE_1.16.0/STM32CubeIDE/plugins/com.st.stm32cube.ide.mcu.externaltools.gnu-tools-for-stm32.12.3.rel1.win32_1.0.200.202406191623/tools/bin/../lib/gcc/arm-none-eabi/12.3.1/../../../../arm-none-eabi/lib/thumb/v7e-m+fp/hard\libc_nano.a(libc_a-closer.o)
                0x080100b4                _close_r
 .text._lseek_r
                0x080100d4       0x24 C:/ST/STM32CubeIDE_1.16.0/STM32CubeIDE/plugins/com.st.stm32cube.ide.mcu.externaltools.gnu-tools-for-stm32.12.3.rel1.win32_1.0.200.202406191623/tools/bin/../lib/gcc/arm-none-eabi/12.3.1/../../../../arm-none-eabi/lib/thumb/v7e-m+fp/hard\libc_nano.a(libc_a-lseekr.o)
                0x080100d4                _lseek_r
 .text._read_r  0x080100f8       0x24 C:/ST/STM32CubeIDE_1.16.0/STM32CubeIDE/plugins/com.st.stm32cube.ide.mcu.externaltools.gnu-tools-for-stm32.12.3.rel1.win32_1.0.200.202406191623/tools/bin/../lib/gcc/arm-none-eabi/12.3.1/../../../../arm-none-eabi/lib/thumb/v7e-m+fp/hard\libc_nano.a(libc_a-readr.o)
                0x080100f8                _read_r
 .text._write_r
                0x0801011c       0x24 C:/ST/STM32CubeIDE_1.16.0/STM32CubeIDE/plugins/com.st.stm32cube.ide.mcu.externaltools.gnu-tools-for-stm32.12.3.rel1.win32_1.0.200.202406191623/tools/bin/../lib/gcc/arm-none-eabi/12.3.1/../../../../arm-none-eabi/lib/thumb/v7e-m+fp/hard\libc_nano.a(libc_a-writer.o)
                0x0801011c                _write_r
 .text.__errno  0x08010140        0xc C:/ST/STM32CubeIDE_1.16.0/STM32CubeIDE/plugins/com.st.stm32cube.ide.mcu.externaltools.gnu-tools-for-stm32.12.3.rel1.win32_1.0.200.202406191623/tools/bin/../lib/gcc/arm-none-eabi/12.3.1/../../../../arm-none-eabi/lib/thumb/v7e-m+fp/hard\libc_nano.a(libc_a-errno.o)
                0x08010140                __errno
 .text.__libc_init_array
                0x0801014c       0x48 C:/ST/STM32CubeIDE_1.16.0/STM32CubeIDE/plugins/com.st.stm32cube.ide.mcu.externaltools.gnu-tools-for-stm32.12.3.rel1.win32_1.0.200.202406191623/tools/bin/../lib/gcc/arm-none-eabi/12.3.1/../../../../arm-none-eabi/lib/thumb/v7e-m+fp/hard\libc_nano.a(libc_a-init.o)
                0x0801014c                __libc_init_array
 .text.__retarget_lock_init_recursive
                0x08010194        0x2 C:/ST/STM32CubeIDE_1.16.0/STM32CubeIDE/plugins/com.st.stm32cube.ide.mcu.externaltools.gnu-tools-for-stm32.12.3.rel1.win32_1.0.200.202406191623/tools/bin/../lib/gcc/arm-none-eabi/12.3.1/../../../../arm-none-eabi/lib/thumb/v7e-m+fp/hard\libc_nano.a(libc_a-lock.o)
                0x08010194                __retarget_lock_init_recursive
 .text.__retarget_lock_acquire_recursive
                0x08010196        0x2 C:/ST/STM32CubeIDE_1.16.0/STM32CubeIDE/plugins/com.st.stm32cube.ide.mcu.externaltools.gnu-tools-for-stm32.12.3.rel1.win32_1.0.200.202406191623/tools/bin/../lib/gcc/arm-none-eabi/12.3.1/../../../../arm-none-eabi/lib/thumb/v7e-m+fp/hard\libc_nano.a(libc_a-lock.o)
                0x08010196                __retarget_lock_acquire_recursive
 .text.__retarget_lock_release_recursive
                0x08010198        0x2 C:/ST/STM32CubeIDE_1.16.0/STM32CubeIDE/plugins/com.st.stm32cube.ide.mcu.externaltools.gnu-tools-for-stm32.12.3.rel1.win32_1.0.200.202406191623/tools/bin/../lib/gcc/arm-none-eabi/12.3.1/../../../../arm-none-eabi/lib/thumb/v7e-m+fp/hard\libc_nano.a(libc_a-lock.o)
                0x08010198                __retarget_lock_release_recursive
 .text.strcpy   0x0801019a       0x10 C:/ST/STM32CubeIDE_1.16.0/STM32CubeIDE/plugins/com.st.stm32cube.ide.mcu.externaltools.gnu-tools-for-stm32.12.3.rel1.win32_1.0.200.202406191623/tools/bin/../lib/gcc/arm-none-eabi/12.3.1/../../../../arm-none-eabi/lib/thumb/v7e-m+fp/hard\libc_nano.a(libc_a-strcpy.o)
                0x0801019a                strcpy
 .text.memcpy   0x080101aa       0x1c C:/ST/STM32CubeIDE_1.16.0/STM32CubeIDE/plugins/com.st.stm32cube.ide.mcu.externaltools.gnu-tools-for-stm32.12.3.rel1.win32_1.0.200.202406191623/tools/bin/../lib/gcc/arm-none-eabi/12.3.1/../../../../arm-none-eabi/lib/thumb/v7e-m+fp/hard\libc_nano.a(libc_a-memcpy-stub.o)
                0x080101aa                memcpy
 *fill*         0x080101c6        0x2 
 .text.nanf     0x080101c8        0xc C:/ST/STM32CubeIDE_1.16.0/STM32CubeIDE/plugins/com.st.stm32cube.ide.mcu.externaltools.gnu-tools-for-stm32.12.3.rel1.win32_1.0.200.202406191623/tools/bin/../lib/gcc/arm-none-eabi/12.3.1/../../../../arm-none-eabi/lib/thumb/v7e-m+fp/hard\libc_nano.a(libm_a-sf_nan.o)
                0x080101c8                nanf
 .text.quorem   0x080101d4      0x110 C:/ST/STM32CubeIDE_1.16.0/STM32CubeIDE/plugins/com.st.stm32cube.ide.mcu.externaltools.gnu-tools-for-stm32.12.3.rel1.win32_1.0.200.202406191623/tools/bin/../lib/gcc/arm-none-eabi/12.3.1/../../../../arm-none-eabi/lib/thumb/v7e-m+fp/hard\libc_nano.a(libc_a-dtoa.o)
 *fill*         0x080102e4        0x4 
 .text._dtoa_r  0x080102e8      0xb88 C:/ST/STM32CubeIDE_1.16.0/STM32CubeIDE/plugins/com.st.stm32cube.ide.mcu.externaltools.gnu-tools-for-stm32.12.3.rel1.win32_1.0.200.202406191623/tools/bin/../lib/gcc/arm-none-eabi/12.3.1/../../../../arm-none-eabi/lib/thumb/v7e-m+fp/hard\libc_nano.a(libc_a-dtoa.o)
                0x080102e8                _dtoa_r
 .text._free_r  0x08010e70       0x94 C:/ST/STM32CubeIDE_1.16.0/STM32CubeIDE/plugins/com.st.stm32cube.ide.mcu.externaltools.gnu-tools-for-stm32.12.3.rel1.win32_1.0.200.202406191623/tools/bin/../lib/gcc/arm-none-eabi/12.3.1/../../../../arm-none-eabi/lib/thumb/v7e-m+fp/hard\libc_nano.a(libc_a-freer.o)
                0x08010e70                _free_r
 .text.malloc   0x08010f04       0x10 C:/ST/STM32CubeIDE_1.16.0/STM32CubeIDE/plugins/com.st.stm32cube.ide.mcu.externaltools.gnu-tools-for-stm32.12.3.rel1.win32_1.0.200.202406191623/tools/bin/../lib/gcc/arm-none-eabi/12.3.1/../../../../arm-none-eabi/lib/thumb/v7e-m+fp/hard\libc_nano.a(libc_a-malloc.o)
                0x08010f04                malloc
 .text.sbrk_aligned
                0x08010f14       0x44 C:/ST/STM32CubeIDE_1.16.0/STM32CubeIDE/plugins/com.st.stm32cube.ide.mcu.externaltools.gnu-tools-for-stm32.12.3.rel1.win32_1.0.200.202406191623/tools/bin/../lib/gcc/arm-none-eabi/12.3.1/../../../../arm-none-eabi/lib/thumb/v7e-m+fp/hard\libc_nano.a(libc_a-mallocr.o)
 .text._malloc_r
                0x08010f58      0x100 C:/ST/STM32CubeIDE_1.16.0/STM32CubeIDE/plugins/com.st.stm32cube.ide.mcu.externaltools.gnu-tools-for-stm32.12.3.rel1.win32_1.0.200.202406191623/tools/bin/../lib/gcc/arm-none-eabi/12.3.1/../../../../arm-none-eabi/lib/thumb/v7e-m+fp/hard\libc_nano.a(libc_a-mallocr.o)
                0x08010f58                _malloc_r
 .text.__malloc_lock
                0x08011058        0xc C:/ST/STM32CubeIDE_1.16.0/STM32CubeIDE/plugins/com.st.stm32cube.ide.mcu.externaltools.gnu-tools-for-stm32.12.3.rel1.win32_1.0.200.202406191623/tools/bin/../lib/gcc/arm-none-eabi/12.3.1/../../../../arm-none-eabi/lib/thumb/v7e-m+fp/hard\libc_nano.a(libc_a-mlock.o)
                0x08011058                __malloc_lock
 .text.__malloc_unlock
                0x08011064        0xc C:/ST/STM32CubeIDE_1.16.0/STM32CubeIDE/plugins/com.st.stm32cube.ide.mcu.externaltools.gnu-tools-for-stm32.12.3.rel1.win32_1.0.200.202406191623/tools/bin/../lib/gcc/arm-none-eabi/12.3.1/../../../../arm-none-eabi/lib/thumb/v7e-m+fp/hard\libc_nano.a(libc_a-mlock.o)
                0x08011064                __malloc_unlock
 .text._Balloc  0x08011070       0x80 C:/ST/STM32CubeIDE_1.16.0/STM32CubeIDE/plugins/com.st.stm32cube.ide.mcu.externaltools.gnu-tools-for-stm32.12.3.rel1.win32_1.0.200.202406191623/tools/bin/../lib/gcc/arm-none-eabi/12.3.1/../../../../arm-none-eabi/lib/thumb/v7e-m+fp/hard\libc_nano.a(libc_a-mprec.o)
                0x08011070                _Balloc
 .text._Bfree   0x080110f0       0x44 C:/ST/STM32CubeIDE_1.16.0/STM32CubeIDE/plugins/com.st.stm32cube.ide.mcu.externaltools.gnu-tools-for-stm32.12.3.rel1.win32_1.0.200.202406191623/tools/bin/../lib/gcc/arm-none-eabi/12.3.1/../../../../arm-none-eabi/lib/thumb/v7e-m+fp/hard\libc_nano.a(libc_a-mprec.o)
                0x080110f0                _Bfree
 .text.__multadd
                0x08011134       0x8c C:/ST/STM32CubeIDE_1.16.0/STM32CubeIDE/plugins/com.st.stm32cube.ide.mcu.externaltools.gnu-tools-for-stm32.12.3.rel1.win32_1.0.200.202406191623/tools/bin/../lib/gcc/arm-none-eabi/12.3.1/../../../../arm-none-eabi/lib/thumb/v7e-m+fp/hard\libc_nano.a(libc_a-mprec.o)
                0x08011134                __multadd
 .text.__s2b    0x080111c0       0x94 C:/ST/STM32CubeIDE_1.16.0/STM32CubeIDE/plugins/com.st.stm32cube.ide.mcu.externaltools.gnu-tools-for-stm32.12.3.rel1.win32_1.0.200.202406191623/tools/bin/../lib/gcc/arm-none-eabi/12.3.1/../../../../arm-none-eabi/lib/thumb/v7e-m+fp/hard\libc_nano.a(libc_a-mprec.o)
                0x080111c0                __s2b
 .text.__hi0bits
                0x08011254       0x3e C:/ST/STM32CubeIDE_1.16.0/STM32CubeIDE/plugins/com.st.stm32cube.ide.mcu.externaltools.gnu-tools-for-stm32.12.3.rel1.win32_1.0.200.202406191623/tools/bin/../lib/gcc/arm-none-eabi/12.3.1/../../../../arm-none-eabi/lib/thumb/v7e-m+fp/hard\libc_nano.a(libc_a-mprec.o)
                0x08011254                __hi0bits
 .text.__lo0bits
                0x08011292       0x5a C:/ST/STM32CubeIDE_1.16.0/STM32CubeIDE/plugins/com.st.stm32cube.ide.mcu.externaltools.gnu-tools-for-stm32.12.3.rel1.win32_1.0.200.202406191623/tools/bin/../lib/gcc/arm-none-eabi/12.3.1/../../../../arm-none-eabi/lib/thumb/v7e-m+fp/hard\libc_nano.a(libc_a-mprec.o)
                0x08011292                __lo0bits
 .text.__i2b    0x080112ec       0x2c C:/ST/STM32CubeIDE_1.16.0/STM32CubeIDE/plugins/com.st.stm32cube.ide.mcu.externaltools.gnu-tools-for-stm32.12.3.rel1.win32_1.0.200.202406191623/tools/bin/../lib/gcc/arm-none-eabi/12.3.1/../../../../arm-none-eabi/lib/thumb/v7e-m+fp/hard\libc_nano.a(libc_a-mprec.o)
                0x080112ec                __i2b
 .text.__multiply
                0x08011318      0x154 C:/ST/STM32CubeIDE_1.16.0/STM32CubeIDE/plugins/com.st.stm32cube.ide.mcu.externaltools.gnu-tools-for-stm32.12.3.rel1.win32_1.0.200.202406191623/tools/bin/../lib/gcc/arm-none-eabi/12.3.1/../../../../arm-none-eabi/lib/thumb/v7e-m+fp/hard\libc_nano.a(libc_a-mprec.o)
                0x08011318                __multiply
 .text.__pow5mult
                0x0801146c       0xb4 C:/ST/STM32CubeIDE_1.16.0/STM32CubeIDE/plugins/com.st.stm32cube.ide.mcu.externaltools.gnu-tools-for-stm32.12.3.rel1.win32_1.0.200.202406191623/tools/bin/../lib/gcc/arm-none-eabi/12.3.1/../../../../arm-none-eabi/lib/thumb/v7e-m+fp/hard\libc_nano.a(libc_a-mprec.o)
                0x0801146c                __pow5mult
 .text.__lshift
                0x08011520       0xd8 C:/ST/STM32CubeIDE_1.16.0/STM32CubeIDE/plugins/com.st.stm32cube.ide.mcu.externaltools.gnu-tools-for-stm32.12.3.rel1.win32_1.0.200.202406191623/tools/bin/../lib/gcc/arm-none-eabi/12.3.1/../../../../arm-none-eabi/lib/thumb/v7e-m+fp/hard\libc_nano.a(libc_a-mprec.o)
                0x08011520                __lshift
 .text.__mcmp   0x080115f8       0x36 C:/ST/STM32CubeIDE_1.16.0/STM32CubeIDE/plugins/com.st.stm32cube.ide.mcu.externaltools.gnu-tools-for-stm32.12.3.rel1.win32_1.0.200.202406191623/tools/bin/../lib/gcc/arm-none-eabi/12.3.1/../../../../arm-none-eabi/lib/thumb/v7e-m+fp/hard\libc_nano.a(libc_a-mprec.o)
                0x080115f8                __mcmp
 *fill*         0x0801162e        0x2 
 .text.__mdiff  0x08011630      0x128 C:/ST/STM32CubeIDE_1.16.0/STM32CubeIDE/plugins/com.st.stm32cube.ide.mcu.externaltools.gnu-tools-for-stm32.12.3.rel1.win32_1.0.200.202406191623/tools/bin/../lib/gcc/arm-none-eabi/12.3.1/../../../../arm-none-eabi/lib/thumb/v7e-m+fp/hard\libc_nano.a(libc_a-mprec.o)
                0x08011630                __mdiff
 .text.__ulp    0x08011758       0x4c C:/ST/STM32CubeIDE_1.16.0/STM32CubeIDE/plugins/com.st.stm32cube.ide.mcu.externaltools.gnu-tools-for-stm32.12.3.rel1.win32_1.0.200.202406191623/tools/bin/../lib/gcc/arm-none-eabi/12.3.1/../../../../arm-none-eabi/lib/thumb/v7e-m+fp/hard\libc_nano.a(libc_a-mprec.o)
                0x08011758                __ulp
 .text.__b2d    0x080117a4       0x94 C:/ST/STM32CubeIDE_1.16.0/STM32CubeIDE/plugins/com.st.stm32cube.ide.mcu.externaltools.gnu-tools-for-stm32.12.3.rel1.win32_1.0.200.202406191623/tools/bin/../lib/gcc/arm-none-eabi/12.3.1/../../../../arm-none-eabi/lib/thumb/v7e-m+fp/hard\libc_nano.a(libc_a-mprec.o)
                0x080117a4                __b2d
 .text.__d2b    0x08011838       0xb0 C:/ST/STM32CubeIDE_1.16.0/STM32CubeIDE/plugins/com.st.stm32cube.ide.mcu.externaltools.gnu-tools-for-stm32.12.3.rel1.win32_1.0.200.202406191623/tools/bin/../lib/gcc/arm-none-eabi/12.3.1/../../../../arm-none-eabi/lib/thumb/v7e-m+fp/hard\libc_nano.a(libc_a-mprec.o)
                0x08011838                __d2b
 .text.__ratio  0x080118e8       0x64 C:/ST/STM32CubeIDE_1.16.0/STM32CubeIDE/plugins/com.st.stm32cube.ide.mcu.externaltools.gnu-tools-for-stm32.12.3.rel1.win32_1.0.200.202406191623/tools/bin/../lib/gcc/arm-none-eabi/12.3.1/../../../../arm-none-eabi/lib/thumb/v7e-m+fp/hard\libc_nano.a(libc_a-mprec.o)
                0x080118e8                __ratio
 .text.__copybits
                0x0801194c       0x46 C:/ST/STM32CubeIDE_1.16.0/STM32CubeIDE/plugins/com.st.stm32cube.ide.mcu.externaltools.gnu-tools-for-stm32.12.3.rel1.win32_1.0.200.202406191623/tools/bin/../lib/gcc/arm-none-eabi/12.3.1/../../../../arm-none-eabi/lib/thumb/v7e-m+fp/hard\libc_nano.a(libc_a-mprec.o)
                0x0801194c                __copybits
 .text.__any_on
                0x08011992       0x42 C:/ST/STM32CubeIDE_1.16.0/STM32CubeIDE/plugins/com.st.stm32cube.ide.mcu.externaltools.gnu-tools-for-stm32.12.3.rel1.win32_1.0.200.202406191623/tools/bin/../lib/gcc/arm-none-eabi/12.3.1/../../../../arm-none-eabi/lib/thumb/v7e-m+fp/hard\libc_nano.a(libc_a-mprec.o)
                0x08011992                __any_on
 .text.sulp     0x080119d4       0x3c C:/ST/STM32CubeIDE_1.16.0/STM32CubeIDE/plugins/com.st.stm32cube.ide.mcu.externaltools.gnu-tools-for-stm32.12.3.rel1.win32_1.0.200.202406191623/tools/bin/../lib/gcc/arm-none-eabi/12.3.1/../../../../arm-none-eabi/lib/thumb/v7e-m+fp/hard\libc_nano.a(libc_a-strtod.o)
 .text._strtod_l
                0x08011a10      0xbc8 C:/ST/STM32CubeIDE_1.16.0/STM32CubeIDE/plugins/com.st.stm32cube.ide.mcu.externaltools.gnu-tools-for-stm32.12.3.rel1.win32_1.0.200.202406191623/tools/bin/../lib/gcc/arm-none-eabi/12.3.1/../../../../arm-none-eabi/lib/thumb/v7e-m+fp/hard\libc_nano.a(libc_a-strtod.o)
                0x08011a10                _strtod_l
 .text._strtod_r
                0x080125d8        0xc C:/ST/STM32CubeIDE_1.16.0/STM32CubeIDE/plugins/com.st.stm32cube.ide.mcu.externaltools.gnu-tools-for-stm32.12.3.rel1.win32_1.0.200.202406191623/tools/bin/../lib/gcc/arm-none-eabi/12.3.1/../../../../arm-none-eabi/lib/thumb/v7e-m+fp/hard\libc_nano.a(libc_a-strtod.o)
                0x080125d8                _strtod_r
 .text._strtol_l.constprop.0
                0x080125e4       0xf4 C:/ST/STM32CubeIDE_1.16.0/STM32CubeIDE/plugins/com.st.stm32cube.ide.mcu.externaltools.gnu-tools-for-stm32.12.3.rel1.win32_1.0.200.202406191623/tools/bin/../lib/gcc/arm-none-eabi/12.3.1/../../../../arm-none-eabi/lib/thumb/v7e-m+fp/hard\libc_nano.a(libc_a-strtol.o)
 .text._strtol_r
                0x080126d8        0x4 C:/ST/STM32CubeIDE_1.16.0/STM32CubeIDE/plugins/com.st.stm32cube.ide.mcu.externaltools.gnu-tools-for-stm32.12.3.rel1.win32_1.0.200.202406191623/tools/bin/../lib/gcc/arm-none-eabi/12.3.1/../../../../arm-none-eabi/lib/thumb/v7e-m+fp/hard\libc_nano.a(libc_a-strtol.o)
                0x080126d8                _strtol_r
 .text.__ssputs_r
                0x080126dc       0xb6 C:/ST/STM32CubeIDE_1.16.0/STM32CubeIDE/plugins/com.st.stm32cube.ide.mcu.externaltools.gnu-tools-for-stm32.12.3.rel1.win32_1.0.200.202406191623/tools/bin/../lib/gcc/arm-none-eabi/12.3.1/../../../../arm-none-eabi/lib/thumb/v7e-m+fp/hard\libc_nano.a(libc_a-nano-svfprintf.o)
                0x080126dc                __ssputs_r
 *fill*         0x08012792        0x2 
 .text._svfprintf_r
                0x08012794      0x1f8 C:/ST/STM32CubeIDE_1.16.0/STM32CubeIDE/plugins/com.st.stm32cube.ide.mcu.externaltools.gnu-tools-for-stm32.12.3.rel1.win32_1.0.200.202406191623/tools/bin/../lib/gcc/arm-none-eabi/12.3.1/../../../../arm-none-eabi/lib/thumb/v7e-m+fp/hard\libc_nano.a(libc_a-nano-svfprintf.o)
                0x08012794                _svfiprintf_r
                0x08012794                _svfprintf_r
 .text.__sfputc_r
                0x0801298c       0x2e C:/ST/STM32CubeIDE_1.16.0/STM32CubeIDE/plugins/com.st.stm32cube.ide.mcu.externaltools.gnu-tools-for-stm32.12.3.rel1.win32_1.0.200.202406191623/tools/bin/../lib/gcc/arm-none-eabi/12.3.1/../../../../arm-none-eabi/lib/thumb/v7e-m+fp/hard\libc_nano.a(libc_a-nano-vfprintf.o)
 .text.__sfputs_r
                0x080129ba       0x24 C:/ST/STM32CubeIDE_1.16.0/STM32CubeIDE/plugins/com.st.stm32cube.ide.mcu.externaltools.gnu-tools-for-stm32.12.3.rel1.win32_1.0.200.202406191623/tools/bin/../lib/gcc/arm-none-eabi/12.3.1/../../../../arm-none-eabi/lib/thumb/v7e-m+fp/hard\libc_nano.a(libc_a-nano-vfprintf.o)
                0x080129ba                __sfputs_r
 *fill*         0x080129de        0x2 
 .text._vfprintf_r
                0x080129e0      0x230 C:/ST/STM32CubeIDE_1.16.0/STM32CubeIDE/plugins/com.st.stm32cube.ide.mcu.externaltools.gnu-tools-for-stm32.12.3.rel1.win32_1.0.200.202406191623/tools/bin/../lib/gcc/arm-none-eabi/12.3.1/../../../../arm-none-eabi/lib/thumb/v7e-m+fp/hard\libc_nano.a(libc_a-nano-vfprintf.o)
                0x080129e0                _vfprintf_r
                0x080129e0                _vfiprintf_r
 .text.__sflush_r
                0x08012c10      0x108 C:/ST/STM32CubeIDE_1.16.0/STM32CubeIDE/plugins/com.st.stm32cube.ide.mcu.externaltools.gnu-tools-for-stm32.12.3.rel1.win32_1.0.200.202406191623/tools/bin/../lib/gcc/arm-none-eabi/12.3.1/../../../../arm-none-eabi/lib/thumb/v7e-m+fp/hard\libc_nano.a(libc_a-fflush.o)
                0x08012c10                __sflush_r
 .text._fflush_r